2026-09-07 16:13:17,765 | INFO | === Chemotype library projection (R01 deliverable, phase 19) ===
2026-09-07 16:13:17,878 | INFO | Chemotype families: 7 (novel scaffolds: 5)
2026-09-07 16:13:17,880 | INFO | family_id     chemotype_scaffold  tier  n_candidates  novel_scaffold
  CHT-001               c1ccccc1     1             8               1
  CHT-002                  C1CC1     1             6               1
  CHT-003               C1CCCCC1     1             3               1
  CHT-004                C1COCO1     1             3               1
  CHT-005      c1ccccc1.c1ccccc1     1             3               1
  CHT-006             O=C1C=CCO1     2            12               0
  CHT-007 O=C1C=C(OCc2ccccc2)CO1     2             2               0
2026-09-07 16:13:41,952 | INFO | === Chemotype library projection (R01 deliverable, phase 19) ===
2026-09-07 16:13:42,056 | INFO | Chemotype families: 26 (novel scaffolds: 24)
2026-09-07 16:13:42,058 | INFO | family_id chemotype_scaffold  tier  n_candidates  novel_scaffold
  CHT-001    O=C(Br)C(O)=CBr     1            15               1
  CHT-002    O=C(Cl)C(O)=CCl     1            14               1
  CHT-003      O=C(I)C(O)=CI     1            14               1
  CHT-004   O=C(Cl)C(Cl)=CCl     1             9               1
  CHT-005      O=C(I)C(I)=CI     1             8               1
  CHT-006          ClC(Cl)Cl     1             6               1
  CHT-007   O=C(Br)C(Br)=CBr     1             6               1
  CHT-008     O=C(Br)C(O)=CO     1             6               1
  CHT-009     O=C(Cl)C(O)=CO     1             6               1
  CHT-010      O=C(I)C(O)=CO     1             6               1
2026-09-07 16:14:20,044 | INFO | === Chemotype library projection (R01 deliverable, phase 19) ===
2026-09-07 16:14:20,152 | INFO | Chemotype families: 26 (novel scaffolds: 24)
2026-09-07 16:14:20,154 | INFO | family_id chemotype_scaffold  tier  n_candidates  novel_scaffold
  CHT-001    O=C(Br)C(O)=CBr     1            15               1
  CHT-002    O=C(Cl)C(O)=CCl     1            14               1
  CHT-003      O=C(I)C(O)=CI     1            14               1
  CHT-004   O=C(Cl)C(Cl)=CCl     1             9               1
  CHT-005      O=C(I)C(I)=CI     1             8               1
  CHT-006          ClC(Cl)Cl     1             6               1
  CHT-007   O=C(Br)C(Br)=CBr     1             6               1
  CHT-008              O=CBr     1             4               1
  CHT-009              O=CCl     1             4               1
  CHT-010               O=CI     1             4               1
2026-09-07 16:15:08,384 | INFO | === Chemotype library projection (R01 deliverable, phase 19) ===
2026-09-07 16:15:08,494 | INFO | Chemotype families: 26 (novel scaffolds: 24)
2026-09-07 16:15:08,496 | INFO | family_id             chemotype_scaffold  tier  n_candidates  novel_scaffold
  CHT-001                       C1CCCCC1     1             3               1
  CHT-002                O=C(Br)C(O)=CBr     2            15               1
  CHT-003                     O=C1C=CCO1     2            12               0
  CHT-004                        C1COCO1     2             3               1
  CHT-005 O=P(O)(O)C(O)=C(O)C[C@H](O)CBr     2             3               1
  CHT-006         O=C1C=C(OCc2ccccc2)CO1     2             2               0
  CHT-007      O=P(O)(O)C(O)=C(O)CC(O)CO     2             2               1
  CHT-008  O=P(O)(O)C(O)=C(O)C[C@H](O)CO     2             2               1
  CHT-009                       c1ccccc1     2             2               1
  CHT-010                O=C(Cl)C(O)=CCl     3            14               1
2026-09-07 16:25:09,690 | INFO | === Chemotype library projection (R01 deliverable, phase 19) ===
2026-09-07 16:25:09,799 | INFO | Chemotype families: 26 (novel scaffolds: 24)
2026-09-07 16:25:09,801 | INFO | family_id             chemotype_scaffold  tier  n_candidates  novel_scaffold
  CHT-001                       C1CCCCC1     1             3               1
  CHT-002                O=C(Br)C(O)=CBr     2            15               1
  CHT-003                     O=C1C=CCO1     2            12               0
  CHT-004                        C1COCO1     2             3               1
  CHT-005 O=P(O)(O)C(O)=C(O)C[C@H](O)CBr     2             3               1
  CHT-006         O=C1C=C(OCc2ccccc2)CO1     2             2               0
  CHT-007      O=P(O)(O)C(O)=C(O)CC(O)CO     2             2               1
  CHT-008  O=P(O)(O)C(O)=C(O)C[C@H](O)CO     2             2               1
  CHT-009                       c1ccccc1     2             2               1
  CHT-010                O=C(Cl)C(O)=CCl     3            14               1
2026-09-07 16:30:04,767 | INFO | === Chemotype library projection (R01 deliverable, phase 19) ===
2026-09-07 16:30:04,872 | INFO | Chemotype families: 26 (novel scaffolds: 24)
2026-09-07 16:30:04,873 | INFO | family_id             chemotype_scaffold  tier  n_candidates  novel_scaffold
  CHT-001                       C1CCCCC1     1             3               1
  CHT-002                O=C(Br)C(O)=CBr     2            15               1
  CHT-003                     O=C1C=CCO1     2            12               0
  CHT-004                        C1COCO1     2             3               1
  CHT-005 O=P(O)(O)C(O)=C(O)C[C@H](O)CBr     2             3               1
  CHT-006         O=C1C=C(OCc2ccccc2)CO1     2             2               0
  CHT-007      O=P(O)(O)C(O)=C(O)CC(O)CO     2             2               1
  CHT-008  O=P(O)(O)C(O)=C(O)C[C@H](O)CO     2             2               1
  CHT-009                       c1ccccc1     2             2               1
  CHT-010                O=C(Cl)C(O)=CCl     3            14               1
2026-09-07 16:50:55,169 | INFO | === Chemotype library projection (R01 deliverable, phase 19) ===
2026-09-07 16:50:55,295 | INFO | Chemotype families: 26 (novel scaffolds: 24)
2026-09-07 16:50:55,297 | INFO | family_id             chemotype_scaffold  tier  n_candidates  novel_scaffold
  CHT-001                       C1CCCCC1     1             3               1
  CHT-002                O=C(Br)C(O)=CBr     2            15               1
  CHT-003                     O=C1C=CCO1     2            12               0
  CHT-004                        C1COCO1     2             3               1
  CHT-005 O=P(O)(O)C(O)=C(O)C[C@H](O)CBr     2             3               1
  CHT-006         O=C1C=C(OCc2ccccc2)CO1     2             2               0
  CHT-007      O=P(O)(O)C(O)=C(O)CC(O)CO     2             2               1
  CHT-008  O=P(O)(O)C(O)=C(O)C[C@H](O)CO     2             2               1
  CHT-009                       c1ccccc1     2             2               1
  CHT-010                O=C(Cl)C(O)=CCl     3            14               1
2026-09-07 16:59:04,991 | INFO | === Chemotype library projection (R01 deliverable, phase 19) ===
2026-09-07 16:59:05,100 | INFO | Chemotype families: 26 (novel scaffolds: 24)
2026-09-07 16:59:05,101 | INFO | family_id             chemotype_scaffold  tier  n_candidates  novel_scaffold
  CHT-001                       C1CCCCC1     1             3               1
  CHT-002                O=C(Br)C(O)=CBr     2            15               1
  CHT-003                     O=C1C=CCO1     2            12               0
  CHT-004                        C1COCO1     2             3               1
  CHT-005 O=P(O)(O)C(O)=C(O)C[C@H](O)CBr     2             3               1
  CHT-006         O=C1C=C(OCc2ccccc2)CO1     2             2               0
  CHT-007      O=P(O)(O)C(O)=C(O)CC(O)CO     2             2               1
  CHT-008  O=P(O)(O)C(O)=C(O)C[C@H](O)CO     2             2               1
  CHT-009                       c1ccccc1     2             2               1
  CHT-010                O=C(Cl)C(O)=CCl     3            14               1
2026-09-08 22:57:36,397 | INFO | === Chemotype library projection (R01 deliverable, phase 19) ===
2026-09-08 22:57:36,521 | INFO | Chemotype families: 26 (novel scaffolds: 24)
2026-09-08 22:57:36,522 | INFO | family_id             chemotype_scaffold  tier  n_candidates  novel_scaffold
  CHT-001                       C1CCCCC1     1             3               1
  CHT-002                O=C(Br)C(O)=CBr     2            15               1
  CHT-003                     O=C1C=CCO1     2            12               0
  CHT-004                        C1COCO1     2             3               1
  CHT-005 O=P(O)(O)C(O)=C(O)C[C@H](O)CBr     2             3               1
  CHT-006         O=C1C=C(OCc2ccccc2)CO1     2             2               0
  CHT-007      O=P(O)(O)C(O)=C(O)CC(O)CO     2             2               1
  CHT-008  O=P(O)(O)C(O)=C(O)C[C@H](O)CO     2             2               1
  CHT-009                       c1ccccc1     2             2               1
  CHT-010                O=C(Cl)C(O)=CCl     3            14               1
