[INFO] === audit -> Phase 1: initial project audit (section 3 - inspect before modifying) ===
[INFO] === Phase 1: initial project audit (section 3) ===
[INFO] existing_datasets: 10 entries
[INFO] existing_models: 4 entries
[INFO] existing_scripts: 27 entries
[INFO] existing_artifacts: 137 entries
[INFO] structural_status: 3 entries
[INFO] Phase 1 audit complete; no duplicate work will be created.
[INFO] audit completed
[INFO] === dataset -> Phase 2: dataset governance + stereochemistry audit ===
[INFO] === Loading raw experimental dataset ===
[INFO] Loaded 30 rows from /cluster/home/nbhatt04/Low-data-alpah9alpah10-r01-ligand-based/modulator-dataset-a9a10.csv
[INFO] Columns: ['Identifier', 'Smiles', 'Activity (uM)', '%Potentiation']
[INFO] Missing values:
        field  n_missing
   Identifier          0
       Smiles          0
Activity (uM)          0
%Potentiation          0
[INFO] Salt/solvate check: 0 multi-component entries
[INFO] Tautomer normalization: 23 compounds had tautomer change
[INFO] Charge normalization: 0 compounds with non-zero net charge
[INFO] Exact canonical duplicates: 0 compound-rows
[INFO] Conflicting duplicate groups: 0
[INFO] Series assignment: 17 series from 17 unique Murcko scaffolds
[INFO] Activity IQR outlier threshold (upper): 4419.1 uM
[INFO] === QC summary ===
[INFO] Total rows: 30
[INFO] Valid SMILES parsed: 30
[INFO] Active compounds: 7
[INFO] Compounds with undefined stereo: 7
[INFO] No compounds were silently deleted; every exclusion is flagged and reasoned.
[INFO] Label distribution (active=1): {0: 23, 1: 7}
[INFO] Canonical dataset hash: f2c517aa953361799fbd5be414fd6b3b74dc649573ddd8ac308a3f5e8086cd3a
[INFO] === Phase 2 complete ===
[INFO] dataset completed
[INFO] === sar -> Phase 3: experimental SAR (MMP, fragments, scaffolds, hypotheses) ===
[INFO] Loaded analysis-ready dataset: 30 rows
[INFO] === MMP analysis (section 6.1) ===
[INFO] activity_change
no_change            10
lost_activity         8
gained_activity       3
increased_potency     2
[INFO] MMP pairs: 23
[INFO] === MMP transformation analysis (section 6.1, true MMP) ===
[INFO] Transformation classes:
transformation_class
alkyl_chain_extension       30
other                       15
aromatic_substitution        8
EWG_introduction_removal     3
[INFO] Activity changes:
activity_change
no_change            31
lost_activity        16
increased_potency     4
gained_activity       4
decreased_potency     1
[INFO] === Fragment enrichment analysis (section 6.2) ===
[INFO]         Feature          SMARTS  Active  Active_tot  Active_%  Inactive  Inactive_tot  Inactive_%   Enrichment  Fisher_p
       Nitrogen            [#7]       0           7       0.0         1            23         4.3 0.000000e+00    1.0000
        Bromine            [Br]       1           7      14.3         0            23         0.0 1.428571e+09    0.2333
         Alkyne             C#C       1           7      14.3         0            23         0.0 1.428571e+09    0.2333
         Benzyl       c1ccccc1C       1           7      14.3         2            23         8.7 1.643000e+00    1.0000
         Acetal [OR0][CR0][OR0]       0           7       0.0         0            23         0.0 0.000000e+00    1.0000
        Lactone     C(=O)O[C,C]       7           7     100.0        22            23        95.7 1.045000e+00    1.0000
       Hydroxyl       [CX4][OH]       5           7      71.4         9            23        39.1 1.825000e+00    0.2040
          Ether   [C!H0]O[C!H0]       0           7       0.0         2            23         8.7 0.000000e+00    1.0000
CarboxylicEster          C(=O)O       7           7     100.0        22            23        95.7 1.045000e+00    1.0000
       Chlorine            [Cl]       0           7       0.0         1            23         4.3 0.000000e+00    1.0000
      Dioxolane         C1OCCO1       2           7      28.6        15            23        65.2 4.380000e-01    0.1897
           Enol          C=C(O)       7           7     100.0        17            23        73.9 1.353000e+00    0.2901
  DefinedStereo           [C@H]       7           7     100.0        23            23       100.0 1.000000e+00    1.0000
     SmallAlkyl             CCC       7           7     100.0        23            23       100.0 1.000000e+00    1.0000
        Nitrile             C#N       0           7       0.0         1            23         4.3 0.000000e+00    1.0000
  AliphaticRing  [C]1[C][C][C]1       0           7       0.0         0            23         0.0 0.000000e+00    1.0000
[INFO] === Scaffold-specific fragment analysis (section 6.2) ===
[INFO] Scaffold-specific fragment rows: 80
[INFO] === Descriptor analysis (section 6.3) ===
[INFO] === Fingerprint + similarity (section 6.4) ===
[INFO] Morgan: active-active mean=0.422, active-inactive mean=0.307
[INFO] === Scaffold analysis (section 6.5) ===
[INFO] Unique Murcko scaffolds: 17
[INFO] === Stereochemical SAR (section 6.6) ===
[INFO]  is_active stereo_stereo_status  count
         0              defined     17
         0      undefined/mixed      6
         1              defined      6
         1      undefined/mixed      1
[INFO] === Competing SAR hypotheses (section 7) ===
[INFO] sar completed
[INFO] === sar_ascorbate -> Phase 3b: ascorbate-focused SAR enrichment (R01 aim 1 deliverable) ===
[INFO] === Ascorbate-focused SAR enrichment (phase 3b) ===
[INFO] Dataset ascorbate-core: 24/30 (actives on core: 7)
[INFO] Candidate panel: 15 rows, ascorbate-core: 8, enediol motif: 15
[INFO]  ascorbate_core                                        subseries  n  active  active_fraction  potency_uM_min  potency_uM_max                  member_ids
              1                                       2-O-alkoxy  1       1            1.000          1202.0          1202.0                        [24]
              1     5,6-O-isopropylidene acetonide, free enediol  1       1            1.000          6077.0          6077.0                         [3]
              1                            6-O-benzyl-type ether  1       1            1.000          1288.0          1288.0                        [18]
              1                                  6-bromo-6-deoxy  1       1            1.000             2.6             2.6                        [25]
              1                                   free ascorbate  3       2            0.667             0.0          1797.0                   [1, 2, 4]
              1       5,6-O-isopropylidene acetonide, 3-O-alkoxy  8       1            0.125             0.0             0.2 [5, 6, 7, 8, 9, 10, 11, 12]
              1                                 2,3-bis-O-alkoxy  1       0            0.000             0.0             0.0                        [22]
              1                                       3-O-alkoxy  3       0            0.000             0.0             0.0                [19, 20, 21]
              1 5,6-O-isopropylidene acetonide, 2,3-bis-O-alkoxy  5       0            0.000             0.0             0.0        [13, 14, 15, 16, 17]
              0                                    non_ascorbate  6       0            0.000             0.0             0.0    [23, 26, 27, 28, 29, 30]
[INFO] sar_ascorbate completed
[INFO] === models -> Phase 4: model panel + LOCO/scaffold-out/bootstrap/permutation ===
[INFO] === Leave-one-compound-out (LOCO) ===
[INFO]             model                representation    n  n_correct  accuracy  balanced_accuracy
      extra_trees              descriptors_only 30.0       21.0    0.7000             0.5559
      extra_trees        fingerprints_morgan_r2 30.0       25.0    0.8333             0.6925
      extra_trees fingerprints_plus_descriptors 30.0       26.0    0.8667             0.7143
gradient_boosting              descriptors_only 30.0       23.0    0.7667             0.6988
gradient_boosting        fingerprints_morgan_r2 30.0       24.0    0.8000             0.6708
gradient_boosting fingerprints_plus_descriptors 30.0       24.0    0.8000             0.6708
      logreg_desc              descriptors_only 30.0       23.0    0.7667             0.6988
      logreg_desc        fingerprints_morgan_r2 30.0       24.0    0.8000             0.7205
      logreg_desc fingerprints_plus_descriptors 30.0       23.0    0.7667             0.6491
         majority              descriptors_only 30.0       23.0    0.7667             0.5000
         majority        fingerprints_morgan_r2 30.0       23.0    0.7667             0.5000
         majority fingerprints_plus_descriptors 30.0       23.0    0.7667             0.5000
           random              descriptors_only 30.0       23.0    0.7667             0.5000
           random        fingerprints_morgan_r2 30.0       23.0    0.7667             0.5000
           random fingerprints_plus_descriptors 30.0       23.0    0.7667             0.5000
    random_forest              descriptors_only 30.0       23.0    0.7667             0.6491
    random_forest        fingerprints_morgan_r2 30.0       25.0    0.8333             0.6925
    random_forest fingerprints_plus_descriptors 30.0       26.0    0.8667             0.7143
            ridge              descriptors_only 30.0       24.0    0.8000             0.7702
            ridge        fingerprints_morgan_r2 30.0       21.0    0.7000             0.6056
            ridge fingerprints_plus_descriptors 30.0       21.0    0.7000             0.6056
[INFO] === Leave-murcko_scaffold-out ===
[INFO] scaffold-out summary (accuracy): {'extra_trees': model
extra_trees    0.7000
extra_trees    0.7333
extra_trees    0.7667
Name: accuracy, dtype: float64, 'gradient_boosting': model
gradient_boosting    0.7667
gradient_boosting    0.7000
gradient_boosting    0.8000
Name: accuracy, dtype: float64, 'logreg_desc': model
logreg_desc    0.7667
logreg_desc    0.7667
logreg_desc    0.7667
Name: accuracy, dtype: float64, 'majority': model
majority    0.7667
majority    0.7667
majority    0.7667
Name: accuracy, dtype: float64, 'random': model
random    0.7333
random    0.7333
random    0.7333
Name: accuracy, dtype: float64, 'random_forest': model
random_forest    0.7333
random_forest    0.7333
random_forest    0.7667
Name: accuracy, dtype: float64, 'ridge': model
ridge    0.7667
ridge    0.7000
ridge    0.7000
Name: accuracy, dtype: float64}
[INFO] === Leave-one-series-out ===
[INFO] series-out summary written (n series = 17)
[INFO] === Chemical-distance validation ===
[INFO] === Bootstrap performance uncertainty ===
[INFO]             model   mean    std  ci_low  ci_high
      extra_trees 0.9305 0.0412  0.8333   1.0000
gradient_boosting 0.9228 0.0448  0.8325   1.0000
      logreg_desc 0.9191 0.0406  0.8333   1.0000
    random_forest 0.9308 0.0434  0.8333   1.0000
            ridge 0.9118 0.0400  0.8333   0.9667
[INFO] === Permutation test (chance-level null) ===
[INFO]         model  observed_accuracy  perm_mean  perm_std  perm_p_value  n_permutations
random_forest                1.0      0.988     0.016          0.64             200
[INFO] === Applicability domain (LOO, self-similarity masked, 4-state) ===
[INFO] applicability_domain
IN_DOMAIN        19
BORDERLINE       10
OUT_OF_DOMAIN     1
[INFO] === Uncertainty axes (section 11) ===
[INFO]  compound_id  predictive_uncertainty  model_disagreement  ad_uncertainty
           1                  0.2634              0.0343          0.0000
           2                  0.2634              0.0343          0.0000
           3                  0.4465              0.1284          0.0722
           4                  0.3571              0.0703          0.2333
           5                  0.3000              0.0468          0.0000
           6                  0.2465              0.0303          0.0029
           7                  0.1960              0.0185          0.0000
           8                  0.2073              0.0209          0.0000
           9                  0.0995              0.0044          0.0000
          10                  0.1561              0.0114          0.0000
          11                  0.0000              0.0007          0.0274
          12                  0.4785              0.1662          0.0722
          13                  0.0000              0.0007          0.1000
          14                  0.1216              0.0067          0.1591
          15                  0.0995              0.0044          0.1406
          16                  0.1561              0.0114          0.1206
          17                  0.2862              0.0421          0.0500
          18                  0.4583              0.1403          0.1378
          19                  0.3417              0.0633          0.0500
          20                  0.3470              0.0656          0.0136
          21                  0.3129              0.0515          0.0500
          22                  0.3756              0.0798          0.1250
          23                  0.1838              0.0161          0.4132
          24                  0.4386              0.1215          0.0667
          25                  0.2932              0.0437          0.0000
          26                  0.2932              0.0444          0.2611
          27                  0.2634              0.0350          0.1622
          28                  0.2179              0.0232          0.4068
          29                  0.1960              0.0185          0.4305
          30                  0.3000              0.0468          0.4326
[INFO] === Export frozen model artifact for prospective scoring ===
[INFO] Exported frozen model artifact -> /cluster/home/nbhatt04/Low-data-alpah9alpah10-r01-ligand-based/project/models/classical/lbm_rf_fp_desc.joblib
[INFO] models completed
[INFO] === selectivity -> Phase 4b: non-a9a10 nAChR modulator selectivity/decoys panel (curation + chemotype scan + benchmark) ===
[INFO] === Curate non-alpha9alpha10 nAChR selectivity panel ===
[INFO] Source /cluster/home/nbhatt04/Low-data-alpah9alpah10-r01-ligand-based/otherModulators.csv: +74 rows
[INFO] Deduped 4 duplicate canonical SMILES; kept 70 unique
[INFO] Panel rows: 70; parseable: 70; unparseable: 0
[INFO] Isolation guard OK: 0 exact-SMILES overlap with a9a10 training
[INFO] Panel summary: {"n_panel": 70, "n_parseable": 70, "n_a9a10_training_scaffold_hits": 0, "a9a10_training_scaffold_hit_ids": "", "n_candidate_family_overlaps": 0, "pred_activity_mean": 0.20807142857142857, "pred_activity_std": 0.04549480665649889, "pred_activity_ge_0_5_frac": 0.0}
[INFO] Isolation guard: {"contract": "panel stored under selectivity/ only; never written to data/processed; source alpha9alpha10 training CSV untouched", "n_exact_smiles_overlap_with_training": 0, "overlap_panel_ids": ""}
[INFO] selectivity completed
[INFO] === xai -> Phase 5: explainable AI + stability ===
[INFO] Fingerprint features used (non-degenerate bits): 183/2048
[INFO] Top fingerprint bits by Gini: fp_423(0.0738), fp_532(0.0428), fp_1602(0.0374), fp_1096(0.0299), fp_1883(0.0233), fp_1699(0.0210), fp_486(0.0200), fp_2022(0.0177), fp_1(0.0140), fp_257(0.0136)
[INFO] === Counterfactual analysis (section 14) ===
[INFO]                       probe              category  predicted_active  confidence
    ID01_break_lactone_ring        remove_feature              True       0.660
     ID01_remove_primary_OH         change_h_bond              True       0.750
 ID01_move_primary_OH_chain      move_substituent              True       0.595
             ID25_remove_Br        remove_feature              True       0.845
              ID25_Br_to_Cl       replace_feature              True       0.865
             ID25_Br_to_CF3       replace_feature              True       0.770
         ID25_remove_stereo alter_stereochemistry              True       0.915
         ID12_remove_stereo alter_stereochemistry              True       0.645
      ID12_flip_core_stereo alter_stereochemistry              True       0.645
         ID12_remove_alkyne        remove_feature             False       0.930
 ID12_alkyne_to_small_chain       replace_feature             False       0.890
 ID18_ester_to_ether_linker          alter_linker              True       0.520
ID18_benzyl_to_ortho_methyl     alter_hydrophobic             False       0.545
        ID24_remove_alcohol        remove_feature             False       0.585
           ID01_open_pyrone        remove_feature             False       0.755
[INFO] === XAI reproducibility (section 13) ===
[INFO] Top fingerprint bits by Gini: fp_423(0.0718), fp_1602(0.0657), fp_501(0.0226), fp_2028(0.0216), fp_1057(0.0206), fp_532(0.0206), fp_80(0.0184), fp_1405(0.0163), fp_516(0.0160), fp_1389(0.0156)
[INFO] Top fingerprint bits by Gini: fp_423(0.1391), fp_1883(0.0623), fp_1602(0.0465), fp_2028(0.0407), fp_257(0.0281), fp_1096(0.0277), fp_532(0.0238), fp_695(0.0226), fp_1670(0.0206), fp_1389(0.0188)
[INFO] Top fingerprint bits by Gini: fp_423(0.0982), fp_2028(0.0291), fp_1602(0.0284), fp_486(0.0272), fp_501(0.0253), fp_1883(0.0220), fp_532(0.0200), fp_1699(0.0190), fp_1395(0.0189), fp_2022(0.0189)
[INFO] Top fingerprint bits by Gini: fp_423(0.0817), fp_1883(0.0407), fp_532(0.0279), fp_1602(0.0275), fp_2028(0.0270), fp_74(0.0252), fp_798(0.0196), fp_1096(0.0191), fp_974(0.0162), fp_794(0.0161)
[INFO] Top fingerprint bits by Gini: fp_2028(0.0724), fp_532(0.0544), fp_423(0.0521), fp_926(0.0451), fp_227(0.0290), fp_1017(0.0245), fp_971(0.0240), fp_649(0.0238), fp_1043(0.0194), fp_1(0.0185)
[INFO] Top fingerprint bits by Gini: fp_423(0.0992), fp_1883(0.0348), fp_2028(0.0344), fp_1602(0.0342), fp_257(0.0335), fp_1670(0.0216), fp_1452(0.0166), fp_1389(0.0148), fp_80(0.0137), fp_1699(0.0131)
[INFO] Top fingerprint bits by Gini: fp_532(0.1008), fp_1096(0.0782), fp_2022(0.0594), fp_423(0.0494), fp_1883(0.0481), fp_486(0.0356), fp_1(0.0263), fp_1923(0.0201), fp_2028(0.0155), fp_1602(0.0145)
[INFO] Top fingerprint bits by Gini: fp_423(0.0561), fp_2028(0.0354), fp_532(0.0317), fp_1883(0.0284), fp_1602(0.0254), fp_183(0.0237), fp_1306(0.0200), fp_1222(0.0193), fp_674(0.0166), fp_695(0.0165)
[INFO] Top fingerprint bits by Gini: fp_423(0.0792), fp_532(0.0658), fp_210(0.0360), fp_2028(0.0291), fp_1222(0.0270), fp_501(0.0261), fp_486(0.0230), fp_971(0.0216), fp_1057(0.0199), fp_76(0.0185)
[INFO] Top fingerprint bits by Gini: fp_423(0.0695), fp_1883(0.0580), fp_1602(0.0465), fp_516(0.0379), fp_1389(0.0342), fp_695(0.0322), fp_2028(0.0252), fp_257(0.0195), fp_80(0.0188), fp_1444(0.0187)
[INFO] Top fingerprint bits by Gini: fp_423(0.0524), fp_257(0.0346), fp_2028(0.0242), fp_1(0.0197), fp_227(0.0180), fp_591(0.0170), fp_1883(0.0153), fp_971(0.0144), fp_1066(0.0138), fp_695(0.0131)
[INFO] Top fingerprint bits by Gini: fp_486(0.0538), fp_971(0.0360), fp_222(0.0325), fp_423(0.0301), fp_1699(0.0268), fp_257(0.0262), fp_1883(0.0260), fp_2022(0.0249), fp_926(0.0187), fp_1602(0.0164)
[INFO] Top fingerprint bits by Gini: fp_1096(0.1115), fp_423(0.0683), fp_532(0.0636), fp_1883(0.0627), fp_486(0.0498), fp_2022(0.0435), fp_971(0.0388), fp_926(0.0347), fp_695(0.0291), fp_2028(0.0234)
[INFO] Top fingerprint bits by Gini: fp_532(0.0793), fp_423(0.0374), fp_1096(0.0368), fp_2022(0.0236), fp_486(0.0204), fp_915(0.0195), fp_2028(0.0192), fp_971(0.0192), fp_974(0.0189), fp_1883(0.0172)
[INFO] Top fingerprint bits by Gini: fp_1883(0.0909), fp_423(0.0860), fp_695(0.0462), fp_1602(0.0412), fp_1405(0.0398), fp_1389(0.0318), fp_257(0.0279), fp_2028(0.0275), fp_1096(0.0274), fp_486(0.0237)
[INFO] Top fingerprint bits by Gini: fp_423(0.0472), fp_1602(0.0353), fp_974(0.0318), fp_1883(0.0315), fp_2022(0.0289), fp_915(0.0275), fp_532(0.0242), fp_183(0.0211), fp_486(0.0201), fp_516(0.0201)
[INFO] Top fingerprint bits by Gini: fp_423(0.0502), fp_486(0.0437), fp_2022(0.0397), fp_532(0.0320), fp_1602(0.0315), fp_1096(0.0252), fp_1389(0.0205), fp_1623(0.0190), fp_1699(0.0170), fp_516(0.0150)
[INFO] Top fingerprint bits by Gini: fp_423(0.0610), fp_1883(0.0587), fp_1096(0.0534), fp_532(0.0397), fp_1602(0.0288), fp_486(0.0279), fp_2022(0.0270), fp_257(0.0181), fp_971(0.0169), fp_1(0.0166)
[INFO] Top fingerprint bits by Gini: fp_423(0.0996), fp_1602(0.0618), fp_210(0.0359), fp_2028(0.0259), fp_1873(0.0239), fp_1918(0.0227), fp_1405(0.0226), fp_1670(0.0222), fp_1057(0.0219), fp_532(0.0203)
[INFO] Top fingerprint bits by Gini: fp_423(0.1544), fp_2028(0.0807), fp_1883(0.0690), fp_1602(0.0573), fp_532(0.0523), fp_1405(0.0330), fp_1096(0.0282), fp_695(0.0268), fp_1389(0.0230), fp_1873(0.0225)
[INFO] Top fingerprint bits by Gini: fp_423(0.0953), fp_1883(0.0528), fp_532(0.0416), fp_1602(0.0395), fp_915(0.0319), fp_550(0.0273), fp_2028(0.0258), fp_1395(0.0223), fp_1918(0.0204), fp_76(0.0202)
[INFO] Top fingerprint bits by Gini: fp_423(0.0745), fp_532(0.0587), fp_1883(0.0481), fp_2028(0.0412), fp_1395(0.0302), fp_1602(0.0270), fp_1371(0.0269), fp_974(0.0251), fp_1096(0.0230), fp_251(0.0230)
[INFO] Top fingerprint bits by Gini: fp_926(0.0708), fp_423(0.0682), fp_532(0.0628), fp_2028(0.0605), fp_1819(0.0353), fp_1(0.0343), fp_227(0.0312), fp_2022(0.0293), fp_649(0.0286), fp_486(0.0275)
[INFO] Top fingerprint bits by Gini: fp_423(0.0939), fp_1883(0.0546), fp_257(0.0437), fp_1602(0.0408), fp_2028(0.0375), fp_532(0.0326), fp_1670(0.0249), fp_1405(0.0237), fp_717(0.0180), fp_745(0.0180)
[INFO] Top fingerprint bits by Gini: fp_532(0.1347), fp_423(0.1017), fp_486(0.0806), fp_1096(0.0503), fp_1883(0.0455), fp_2022(0.0434), fp_2028(0.0393), fp_1(0.0332), fp_1819(0.0314), fp_649(0.0239)
[INFO] Top fingerprint bits by Gini: fp_423(0.0791), fp_2028(0.0506), fp_532(0.0462), fp_1602(0.0381), fp_1883(0.0369), fp_1873(0.0325), fp_674(0.0271), fp_183(0.0234), fp_278(0.0210), fp_1306(0.0207)
[INFO] Top fingerprint bits by Gini: fp_423(0.1162), fp_2028(0.0522), fp_1222(0.0443), fp_532(0.0410), fp_257(0.0388), fp_501(0.0347), fp_278(0.0335), fp_1883(0.0292), fp_1602(0.0284), fp_1405(0.0260)
[INFO] Top fingerprint bits by Gini: fp_1883(0.0792), fp_423(0.0646), fp_1602(0.0518), fp_516(0.0420), fp_1389(0.0388), fp_1444(0.0372), fp_257(0.0365), fp_2028(0.0302), fp_695(0.0278), fp_1057(0.0181)
[INFO] Top fingerprint bits by Gini: fp_423(0.0759), fp_257(0.0632), fp_2028(0.0328), fp_1405(0.0256), fp_1699(0.0244), fp_1883(0.0229), fp_532(0.0228), fp_1(0.0226), fp_1670(0.0215), fp_717(0.0192)
[INFO] Top fingerprint bits by Gini: fp_257(0.0560), fp_423(0.0535), fp_1699(0.0517), fp_2022(0.0431), fp_486(0.0398), fp_926(0.0277), fp_2028(0.0268), fp_1602(0.0267), fp_694(0.0257), fp_1883(0.0255)
[INFO] Top fingerprint bits by Gini: fp_1096(0.1102), fp_423(0.0896), fp_1883(0.0803), fp_532(0.0734), fp_926(0.0557), fp_971(0.0496), fp_2022(0.0358), fp_695(0.0302), fp_1819(0.0274), fp_1057(0.0258)
[INFO] Top fingerprint bits by Gini: fp_532(0.0984), fp_423(0.0727), fp_1096(0.0424), fp_915(0.0376), fp_486(0.0328), fp_2028(0.0309), fp_1918(0.0303), fp_1395(0.0296), fp_550(0.0293), fp_974(0.0291)
[INFO] Top fingerprint bits by Gini: fp_423(0.1560), fp_1883(0.1443), fp_695(0.0566), fp_2028(0.0532), fp_1602(0.0463), fp_278(0.0415), fp_516(0.0410), fp_1389(0.0365), fp_1405(0.0311), fp_1670(0.0281)
[INFO] Top fingerprint bits by Gini: fp_423(0.0819), fp_1602(0.0571), fp_532(0.0493), fp_1623(0.0396), fp_674(0.0337), fp_1883(0.0277), fp_1699(0.0257), fp_1918(0.0257), fp_941(0.0251), fp_550(0.0223)
[INFO] Top fingerprint bits by Gini: fp_423(0.0653), fp_2022(0.0469), fp_1602(0.0438), fp_532(0.0366), fp_1883(0.0272), fp_1395(0.0227), fp_926(0.0225), fp_486(0.0223), fp_1623(0.0211), fp_183(0.0206)
[INFO] Top fingerprint bits by Gini: fp_1883(0.0627), fp_1096(0.0557), fp_423(0.0544), fp_532(0.0423), fp_2022(0.0337), fp_1602(0.0311), fp_486(0.0275), fp_1389(0.0255), fp_926(0.0241), fp_516(0.0220)
[INFO] Top fingerprint bits by Gini: fp_423(0.6049), fp_183(0.0670), fp_550(0.0527), fp_1137(0.0355), fp_674(0.0351), fp_1918(0.0309), fp_1523(0.0282), fp_1722(0.0234), fp_658(0.0211), fp_1904(0.0172)
[INFO] Top fingerprint bits by Gini: fp_423(1.0000), fp_18(0.0000), fp_1883(0.0000), fp_1904(0.0000), fp_1911(0.0000), fp_1918(0.0000), fp_1921(0.0000), fp_1923(0.0000), fp_1932(0.0000), fp_1955(0.0000)
[INFO] Top fingerprint bits by Gini: fp_423(0.7600), fp_974(0.0934), fp_1395(0.0708), fp_1918(0.0450), fp_915(0.0220), fp_550(0.0088), fp_1883(0.0000), fp_1904(0.0000), fp_1911(0.0000), fp_1921(0.0000)
[INFO] Top fingerprint bits by Gini: fp_423(0.6049), fp_1395(0.0793), fp_1918(0.0513), fp_974(0.0454), fp_1722(0.0362), fp_915(0.0311), fp_832(0.0282), fp_802(0.0189), fp_334(0.0151), fp_1137(0.0136)
[INFO] Top fingerprint bits by Gini: fp_532(0.8333), fp_926(0.0000), fp_1883(0.0000), fp_1904(0.0000), fp_1911(0.0000), fp_1918(0.0000), fp_1921(0.0000), fp_1923(0.0000), fp_1932(0.0000), fp_1955(0.0000)
[INFO] Top fingerprint bits by Gini: fp_423(0.7600), fp_1883(0.0000), fp_1904(0.0000), fp_1911(0.0000), fp_1918(0.0000), fp_1921(0.0000), fp_1923(0.0000), fp_1932(0.0000), fp_1955(0.0000), fp_1962(0.0000)
[INFO] Top fingerprint bits by Gini: fp_532(1.0000), fp_1883(0.0000), fp_1904(0.0000), fp_1911(0.0000), fp_1918(0.0000), fp_1921(0.0000), fp_1923(0.0000), fp_1932(0.0000), fp_1955(0.0000), fp_1962(0.0000)
[INFO] Top fingerprint bits by Gini: fp_423(0.4900), fp_550(0.0600), fp_1395(0.0592), fp_974(0.0460), fp_1623(0.0358), fp_915(0.0340), fp_1143(0.0302), fp_183(0.0294), fp_591(0.0252), fp_1523(0.0225)
[INFO] Top fingerprint bits by Gini: fp_423(0.7143), fp_1904(0.0778), fp_1921(0.0464), fp_658(0.0438), fp_334(0.0344), fp_1911(0.0081), fp_832(0.0046), fp_660(0.0031), fp_1137(0.0016), fp_125(0.0011)
[INFO] Top fingerprint bits by Gini: fp_1883(0.2994), fp_423(0.2592), fp_591(0.0553), fp_1722(0.0309), fp_832(0.0295), fp_1143(0.0200), fp_1137(0.0126), fp_802(0.0091), fp_1904(0.0051), fp_294(0.0015)
[INFO] Top fingerprint bits by Gini: fp_423(0.4734), fp_832(0.0506), fp_125(0.0260), fp_802(0.0210), fp_1523(0.0080), fp_1921(0.0040), fp_660(0.0030), fp_591(0.0012), fp_658(0.0010), fp_1143(0.0002)
[INFO] Top fingerprint bits by Gini: fp_1699(0.2840), fp_486(0.1520), fp_2022(0.0724), fp_1670(0.0698), fp_423(0.0433), fp_1671(0.0386), fp_694(0.0376), fp_1366(0.0359), fp_1003(0.0264), fp_1955(0.0236)
[INFO] Top fingerprint bits by Gini: fp_532(0.6628), fp_1096(0.3372), fp_1883(0.0000), fp_1904(0.0000), fp_1911(0.0000), fp_1918(0.0000), fp_1921(0.0000), fp_1923(0.0000), fp_1932(0.0000), fp_1955(0.0000)
[INFO] Top fingerprint bits by Gini: fp_532(0.7600), fp_974(0.0914), fp_1395(0.0655), fp_1918(0.0647), fp_550(0.0108), fp_915(0.0077), fp_1883(0.0000), fp_1904(0.0000), fp_1911(0.0000), fp_1921(0.0000)
[INFO] Top fingerprint bits by Gini: fp_1883(0.7499), fp_423(0.2501), fp_1904(0.0000), fp_1911(0.0000), fp_1918(0.0000), fp_1921(0.0000), fp_1923(0.0000), fp_1932(0.0000), fp_1955(0.0000), fp_1962(0.0000)
[INFO] Top fingerprint bits by Gini: fp_694(0.5333), fp_1883(0.0000), fp_1904(0.0000), fp_1911(0.0000), fp_1918(0.0000), fp_1921(0.0000), fp_1923(0.0000), fp_1932(0.0000), fp_1955(0.0000), fp_1962(0.0000)
[INFO] Top fingerprint bits by Gini: fp_423(0.4073), fp_532(0.0919), fp_674(0.0723), fp_1426(0.0437), fp_974(0.0323), fp_183(0.0315), fp_1911(0.0270), fp_1623(0.0208), fp_1523(0.0180), fp_1395(0.0118)
[INFO] Top fingerprint bits by Gini: fp_532(0.3619), fp_1096(0.1236), fp_1883(0.0807), fp_423(0.0494), fp_80(0.0407), fp_658(0.0213), fp_1444(0.0195), fp_832(0.0134), fp_1670(0.0122), fp_125(0.0085)
/cluster/home/nbhatt04/Low-data-alpah9alpah10-r01-ligand-based/project/src/xai.py:379: ConstantInputWarning: An input array is constant; the correlation coefficient is not defined.
  rho, _ = spearmanr([a[k] for k in keys], [b[k] for k in keys])
/cluster/home/nbhatt04/Low-data-alpah9alpah10-r01-ligand-based/project/src/xai.py:432: ConstantInputWarning: An input array is constant; the correlation coefficient is not defined.
  rho, _ = spearmanr([ra[k] for k in keys], [rb[k] for k in keys])
[INFO]                  dimension  spearman_rank_corr_mean  topk_overlap_mean  jaccard_topk_similarity  sign_consistency classification
across_models_seeds_splits                 0.567333           1.504542                 0.376310          0.577315       MARGINAL
  across_seeds_fixed_model                 0.898990           1.666667                 0.400000          1.000000         STABLE
  across_models_fixed_seed                 0.892705           1.666667                 0.400000          0.866667         STABLE
method_gini_vs_permutation                 0.162139           1.000000                 0.407407          0.183230       UNSTABLE
   method_gini_vs_ablation                 0.249390           1.000000                 0.401852          0.179321       UNSTABLE
[INFO] === Explanation-preservation analysis (section 26) ===
[INFO] top_generic_descriptor top_specific_descriptor  generic_descriptor_gini_frac  specific_descriptor_gini_frac  fragment_experimental_support_frac shap_top3_features shap_includes_specific  generic_dominated_flag  weak_experimental_fragment_support_flag  flag_artifact_exploitation                                                                            interpretation
  FractionCSP3,LogP,MW                 HBD,HBA                         0.938                          0.062                                 1.0                                       N/A                    True                                    False                       False Model top features retain experimental specificity; artifact-exploitation flag NOT raised
[INFO] xai completed
[INFO] === taf -> Phase 6: TAF evidence matrix + falsification framework ===
[INFO] === TAF evidence matrix ===
[INFO] taf_id      evidence_class  n_independent_sources                 status
 TAF-1      LOW_CONFIDENCE                      2 PROSPECTIVE_HYPOTHESIS
 TAF-2      LOW_CONFIDENCE                      2 PROSPECTIVE_HYPOTHESIS
 TAF-3 MODERATE_CONFIDENCE                      3 PROSPECTIVE_HYPOTHESIS
 TAF-4      LOW_CONFIDENCE                      1 PROSPECTIVE_HYPOTHESIS
 TAF-5      LOW_CONFIDENCE                      1 PROSPECTIVE_HYPOTHESIS
 TAF-6      LOW_CONFIDENCE                      1 PROSPECTIVE_HYPOTHESIS
[INFO] === TAF blueprint ===
[INFO] === Falsification framework (section 33) ===
[INFO] taf completed
[INFO] === structures -> Phase 7: structural hypotheses (NOT AVAILABLE without AF3/Boltz) ===
[INFO] === Structural consensus audit ===
[WARNING] No AF3/Boltz/structural outputs found. Structural hypotheses are REQUIRES_EXPERIMENTAL_VALIDATION / NOT AVAILABLE.
[INFO] structures completed
[INFO] === medchem -> Phase 8: traditional medicinal chemistry baseline ===
[INFO] === Traditional medicinal-chemistry baseline ===
[INFO] Medchem baseline analogues generated: 11 valid (86 rejected as invalid chemistry)
[INFO] medchem completed
[INFO] === reinvent -> Phases 9-11: REINVENT configs, generation + collection (auto-runs on GPU when binary present) ===
[INFO] === REINVENT 4 integration ===
[INFO] REINVENT binary: NOT FOUND
[WARNING] Prior reinvent NOT verified (exists=True, expected=fe8cd1678452ad292a8f93e97cb19a85959b729e17113e157180d5e69ae89ef3, actual=eb7c5e91e5a39bb06df395c27b530c7f1bec6eb6b898156a826e41a7e29a2bb6)
[WARNING] Prior libinvent NOT verified (exists=True, expected=03e6cbe8a53e59a4ac3aa6728d041f1957bdd07b5eefdf2cfc5c8591036075af, actual=3c86da94ed67049f8d661f3d60199ae800bff02d5c8323c7ae50d31c79a95deb)
[INFO] Inception seed (7 active SMILES) -> /cluster/home/nbhatt04/Low-data-alpah9alpah10-r01-ligand-based/project/reinvent/inception.smi
[WARNING] Prior reinvent NOT verified (exists=True, expected=fe8cd1678452ad292a8f93e97cb19a85959b729e17113e157180d5e69ae89ef3, actual=eb7c5e91e5a39bb06df395c27b530c7f1bec6eb6b898156a826e41a7e29a2bb6)
[WARNING] Prior libinvent NOT verified (exists=True, expected=03e6cbe8a53e59a4ac3aa6728d041f1957bdd07b5eefdf2cfc5c8591036075af, actual=3c86da94ed67049f8d661f3d60199ae800bff02d5c8323c7ae50d31c79a95deb)
[INFO] Inception seed (7 active SMILES) -> /cluster/home/nbhatt04/Low-data-alpah9alpah10-r01-ligand-based/project/reinvent/inception.smi
[INFO] LibInvent scaffolds (7) -> /cluster/home/nbhatt04/Low-data-alpah9alpah10-r01-ligand-based/project/reinvent/scaffolds_libinvent.smi
[INFO] no REINVENT binary: reused committed generation artifacts (31397 molecules, historical GPU run)
[WARNING] REINVENT binary NOT AVAILABLE. Real per-mode TOML configs written (validated against REINVENT4 main configs/PARAMS.md schema), priors checksum-verified. No molecules generated. Install REINVENT4 (see GPU_RUNBOOK.md) and rerun this phase to populate reinvent/generated_molecules.csv.
[INFO] reinvent completed
[INFO] === chemspace -> Phase 12: chemical-space expansion report ===
[INFO] === Chemical-space expansion (section 23) ===
[INFO]                                            metric      value                                                                                                                    note
               fingerprint_space_mean_nn_distance     0.8593                                         mean min-Tanimoto-distance from any training compound (higher = more expansion)
                fingerprint_space_frac_beyond_0.4     1.0000                                            fraction of generated molecules with NN distance > 0.4 (chemically distinct)
                             novel_scaffold_count 22506.0000                                                                  Bemis-Murcko scaffolds not present in the training set
                                  generated_count 31397.0000                                                                    count alone is NOT meaningful expansion (section 23)
                            new_sar_relationships 31397.0000 SAR-space expansion = number of NEW experimentally testable hypotheses, not molecules; filled after experimental rounds
descriptor_space_coverage_fraction_in_train_range     0.7116                                                       fraction of generated descriptor values within experimental range
[INFO] chemspace completed
[INFO] === candidates -> Phase 13: candidate prioritization + portfolio A-F ===
[INFO] === Candidate prioritization ===
[INFO] === Candidate scoring (multi-axis) ===
[INFO] === Candidate scoring (multi-axis) ===
[INFO] === Candidate portfolio (groups A-F) ===
[INFO] Portfolio size: 32; groups reflexive overlap expected
[INFO] candidates completed
[INFO] === downstream -> Phase 13b: generated-library downstream triage (potency filter, AD/unc., synth, delivery, ADME, tox, cochlear safety, selectivity, final portfolio, handoff) ===
[INFO] === Generated-library downstream triage ===
[INFO] === Generated-library QC (sect. 30) ===
[INFO] QC: {'N_generated': 31397, 'N_valid': 31397, 'N_unique': 31397, 'N_stereo_valid': 27120, 'N_duplicate': 0}
[INFO] === Scoring generated library (potency / uncertainty / AD) ===
[INFO]   scored 0/31397
[INFO]   scored 5000/31397
[INFO]   scored 10000/31397
[INFO]   scored 15000/31397
[INFO]   scored 20000/31397
[INFO]   scored 25000/31397
[INFO]   scored 30000/31397
[INFO] scored 31397 molecules
[INFO] === Synthetic feasibility (SAScore proxy, sect. 33) ===
[INFO] === Systemic ADME proxies (sect. 39-40) ===
[INFO] === Systemic toxicology screen (sect. 41) ===
[INFO] === Local cochlear / hair-cell safety screen (sect. 42-44) ===
[INFO] === Cochlear delivery proxies (sect. 34-38) ===
[INFO] === Final selectivity filter (sect. 45-47) ===
[INFO] === Final multi-axis candidate portfolio + tiers (sect. 48-53, 83) ===
[INFO] active+in-domain+confident pool: 0
[INFO] final portfolio: 100 molecules across tiers {'Tier3_exploratory': 47, 'EXCLUDE_OR_HOLD': 28, 'Tier2_mechanistically_informative': 25}
[INFO] structure_based_handoff.csv written (100 rows)
[INFO] downstream completed
[INFO] === library -> Phase 19: chemotype-library projection + coverage targets (R01 deliverable) ===
[INFO] === Chemotype library projection (R01 deliverable, phase 19) ===
[INFO] Chemotype families: 8 (novel scaffolds: 6)
[INFO] family_id               chemotype_scaffold  tier  n_candidates  novel_scaffold
  CHT-001                       O=C1C=CCO1     2            12               0
  CHT-002                          C1COCO1     2             4               1
  CHT-003   O=P(O)(O)C(O)=C(O)C[C@H](O)CBr     2             4               1
  CHT-004        O=P(O)(O)C(O)=C(O)CC(O)CO     2             3               1
  CHT-005    O=P(O)(O)C(O)=C(O)C[C@H](O)CO     2             3               1
  CHT-006           O=C1C=C(OCc2ccccc2)CO1     2             2               0
  CHT-007                         c1ccccc1     2             2               1
  CHT-008 CCCOC(=C(O)C[C@H](O)CO)P(=O)(O)O     3             2               1
[INFO] library completed
[INFO] === lock -> Phase 14: model lock before prospective testing ===
[INFO] === Model lock ===
[INFO] Model lock manifest written; prospective cycle is FROZEN.
[INFO] lock completed
[INFO] === prospective -> Phases 15-18: prospective plan + result ingestion template ===
[INFO] === Prospective experimental plan ===
[INFO] === Sample-size / power analysis (section 32) ===
[INFO] prospective completed
[INFO] === synth_route -> Phase 4c: retrosynthetic route prediction for high-priority candidates (AIZynthFinder; auto-skips when models absent) ===
[INFO] === Synth route prediction for round 1 ===
[WARNING] AIZynthFinder/models NOT AVAILABLE - no route predictions written (honest skips, no fabrication)
[INFO] targets from prospective/round1_plan.csv: 8
[INFO] 0 PREDICTED_ROUTE rows over 0 targets; clean routes for 0 (targets=8)
[INFO] synth_route completed
[INFO] === loop -> Phases 19-24: closed-loop experimentation (plate design, oversight gate, adaptable updates) ===
[INFO] === Closed-loop cycle ===
[INFO] === Consensus explanation (Borda fusion, section 13b) ===
[INFO] Uninformative (constant) importance methods: ['accuracy_drop', 'perm_importance'] - agreement set to NaN, their ranks still pooled
[INFO]        feature  mean_rank  agreement_gini_perm  agreement_gini_ablation  agreement_perm_ablation  mean_agreement  n_agreement_pairs          uninformative_methods  consensus_rank
  FractionCSP3   2.500000                0.522                      NaN                      NaN           0.522                  1 accuracy_drop, perm_importance               1
          LogP   4.500000                0.522                      NaN                      NaN           0.522                  1 accuracy_drop, perm_importance               2
            MW   4.833333                0.522                      NaN                      NaN           0.522                  1 accuracy_drop, perm_importance               3
      RotBonds   5.166667                0.522                      NaN                      NaN           0.522                  1 accuracy_drop, perm_importance               4
HeavyAtomCount   5.500000                0.522                      NaN                      NaN           0.522                  1 accuracy_drop, perm_importance               5
          TPSA   5.833333                0.522                      NaN                      NaN           0.522                  1 accuracy_drop, perm_importance               6
[INFO] === Stereo probe design (section 14b) ===
[INFO] Stereo probes designed: 22 (append to plate)
[INFO] === Design round 1 plate (comparator-arm, size-fixed) ===
[INFO] Eligible (drug-like) candidates for plate: 6/15
[INFO] arm              portfolio_group   
diversity_topup  B_taf_disrupting      2
                 E_information_gain    1
model_ranked     B_taf_disrupting      3
[INFO] arm              matched_tier
diversity_topup  2               3
model_ranked     2               3
[INFO] Plate size 6; ALL entries PENDING_REVIEW (med-chem sign-off required before experiment)
[INFO] === Oversight gate for round 1 ===
[WARNING] 6/6 molecules BLOCKED until med-chem sign-off. No experiment proceeds without approval.
[INFO] Round 1 pre-registered (hash e3f80267d76f...)
[INFO] === Data watch (generator + structural availability) ===
[INFO] {'reinvent_molecule_dirs': 6, 'generated_molecules_count': 31397, 'generated_molecules_file': '/cluster/home/nbhatt04/Low-data-alpah9alpah10-r01-ligand-based/project/reinvent/generated_molecules.csv', 'generated_by_mode': {'reinvent_de_novo': 6314, 'reinvent_scaffold_hopping': 6308, 'reinvent_information_gain': 6277, 'reinvent_local_analog': 6273, 'reinvent_taf_disrupting': 6225}, 'structural_outputs_found': 0, 'reinvent_ingest': 'ingested 31397 molecules', 'structural_ingest': 'NOT AVAILABLE - no AF3/Boltz outputs'}
[INFO] loop completed
[INFO] === audit -> Audit: leakage + 18-question final audit ===
[INFO] === Data leakage audit (section 40) ===
[INFO] === Final 18-question audit (section 51) ===
[INFO]  failure_mode                                           name                                  triggered
            1            small_dataset_limits_generalization                              NOT-TRIGGERED
            2                     tafs_are_scaffold_specific                               UNDETERMINED
            3                      xai_explanations_unstable                              ELEVATED-RISK
            4                 structural_hypotheses_disagree        NOT_AVAILABLE-no_structural_outputs
            5                 reinvent_unrealistic_molecules       NOT_AVAILABLE-no_generated_molecules
            6               generated_stay_in_original_space                              NOT-TRIGGERED
            7        predicted_activity_fails_experimentally                         PENDING_EXPERIMENT
            8            medchem_baseline_equals_or_beats_ai                               UNDETERMINED
            9        experimental_sar_has_genuine_exceptions contradictions_logged_as_context_dependent
           10 activity_depends_on_unmodeled_receptor_context                         UNKNOWN-unmeasured
[INFO]          phrase_class  matches verdict
      proves_activity        0   CLEAR
    confirms_activity        0   CLEAR
  guarantees_activity        0   CLEAR
       will_be_active        0   CLEAR
     certainly_active        0   CLEAR
unambiguous_causality        0   CLEAR
[INFO] {'PENDING_REVIEW': 6}
[INFO] audit completed
[INFO] === reports -> Reports: build combined HTML report ===
[INFO] Reports written to /cluster/home/nbhatt04/Low-data-alpah9alpah10-r01-ligand-based/project/reports/index.html
[INFO] reports completed
[INFO] workflow results: {'audit': 'OK', 'dataset': 'OK', 'sar': 'OK', 'sar_ascorbate': 'OK', 'models': 'OK', 'selectivity': 'OK', 'xai': 'OK', 'taf': 'OK', 'structures': 'OK', 'medchem': 'OK', 'reinvent': 'OK', 'chemspace': 'OK', 'candidates': 'OK', 'downstream': 'OK', 'library': 'OK', 'lock': 'OK', 'prospective': 'OK', 'synth_route': 'OK', 'loop': 'OK', 'reports': 'OK'}
