2026-09-07 12:30:40,565 | INFO | === TAF evidence matrix ===
2026-09-07 12:30:40,571 | INFO | taf_id      evidence_class  n_independent_sources                 status
 TAF-1      LOW_CONFIDENCE                      2 PROSPECTIVE_HYPOTHESIS
 TAF-2      LOW_CONFIDENCE                      1 PROSPECTIVE_HYPOTHESIS
 TAF-3 MODERATE_CONFIDENCE                      2 PROSPECTIVE_HYPOTHESIS
 TAF-4      LOW_CONFIDENCE                      1 PROSPECTIVE_HYPOTHESIS
 TAF-5      LOW_CONFIDENCE                      1 PROSPECTIVE_HYPOTHESIS
 TAF-6      LOW_CONFIDENCE                      1 PROSPECTIVE_HYPOTHESIS
2026-09-07 12:30:40,571 | INFO | === TAF blueprint ===
2026-09-07 12:30:40,571 | INFO | === Falsification framework (section 33) ===
2026-09-07 12:32:59,187 | INFO | === TAF evidence matrix ===
2026-09-07 12:32:59,192 | INFO | taf_id      evidence_class  n_independent_sources                 status
 TAF-1      LOW_CONFIDENCE                      2 PROSPECTIVE_HYPOTHESIS
 TAF-2      LOW_CONFIDENCE                      1 PROSPECTIVE_HYPOTHESIS
 TAF-3 MODERATE_CONFIDENCE                      2 PROSPECTIVE_HYPOTHESIS
 TAF-4      LOW_CONFIDENCE                      1 PROSPECTIVE_HYPOTHESIS
 TAF-5      LOW_CONFIDENCE                      1 PROSPECTIVE_HYPOTHESIS
 TAF-6      LOW_CONFIDENCE                      1 PROSPECTIVE_HYPOTHESIS
2026-09-07 12:32:59,193 | INFO | === TAF blueprint ===
2026-09-07 12:32:59,193 | INFO | === Falsification framework (section 33) ===
2026-09-07 13:12:07,134 | INFO | === TAF evidence matrix ===
2026-09-07 13:12:07,140 | INFO | taf_id      evidence_class  n_independent_sources                 status
 TAF-1      LOW_CONFIDENCE                      2 PROSPECTIVE_HYPOTHESIS
 TAF-2      LOW_CONFIDENCE                      1 PROSPECTIVE_HYPOTHESIS
 TAF-3 MODERATE_CONFIDENCE                      2 PROSPECTIVE_HYPOTHESIS
 TAF-4      LOW_CONFIDENCE                      1 PROSPECTIVE_HYPOTHESIS
 TAF-5      LOW_CONFIDENCE                      1 PROSPECTIVE_HYPOTHESIS
 TAF-6      LOW_CONFIDENCE                      1 PROSPECTIVE_HYPOTHESIS
2026-09-07 13:12:07,140 | INFO | === TAF blueprint ===
2026-09-07 13:12:07,141 | INFO | === Falsification framework (section 33) ===
2026-09-07 14:23:42,905 | INFO | === TAF evidence matrix ===
2026-09-07 14:23:42,910 | INFO | taf_id      evidence_class  n_independent_sources                 status
 TAF-1      LOW_CONFIDENCE                      2 PROSPECTIVE_HYPOTHESIS
 TAF-2      LOW_CONFIDENCE                      1 PROSPECTIVE_HYPOTHESIS
 TAF-3 MODERATE_CONFIDENCE                      2 PROSPECTIVE_HYPOTHESIS
 TAF-4      LOW_CONFIDENCE                      1 PROSPECTIVE_HYPOTHESIS
 TAF-5      LOW_CONFIDENCE                      1 PROSPECTIVE_HYPOTHESIS
 TAF-6      LOW_CONFIDENCE                      1 PROSPECTIVE_HYPOTHESIS
2026-09-07 14:23:42,910 | INFO | === TAF blueprint ===
2026-09-07 14:23:42,911 | INFO | === Falsification framework (section 33) ===
2026-09-07 14:25:05,972 | INFO | === TAF evidence matrix ===
2026-09-07 14:25:06,000 | INFO | taf_id      evidence_class  n_independent_sources                 status
 TAF-1      LOW_CONFIDENCE                      2 PROSPECTIVE_HYPOTHESIS
 TAF-2      LOW_CONFIDENCE                      2 PROSPECTIVE_HYPOTHESIS
 TAF-3 MODERATE_CONFIDENCE                      3 PROSPECTIVE_HYPOTHESIS
 TAF-4      LOW_CONFIDENCE                      1 PROSPECTIVE_HYPOTHESIS
 TAF-5      LOW_CONFIDENCE                      1 PROSPECTIVE_HYPOTHESIS
 TAF-6      LOW_CONFIDENCE                      1 PROSPECTIVE_HYPOTHESIS
2026-09-07 14:25:06,000 | INFO | === TAF blueprint ===
2026-09-07 14:25:06,000 | INFO | === Falsification framework (section 33) ===
2026-09-07 14:27:47,935 | INFO | === TAF evidence matrix ===
2026-09-07 14:27:47,960 | INFO | taf_id      evidence_class  n_independent_sources                 status
 TAF-1      LOW_CONFIDENCE                      2 PROSPECTIVE_HYPOTHESIS
 TAF-2      LOW_CONFIDENCE                      2 PROSPECTIVE_HYPOTHESIS
 TAF-3 MODERATE_CONFIDENCE                      3 PROSPECTIVE_HYPOTHESIS
 TAF-4      LOW_CONFIDENCE                      1 PROSPECTIVE_HYPOTHESIS
 TAF-5      LOW_CONFIDENCE                      1 PROSPECTIVE_HYPOTHESIS
 TAF-6      LOW_CONFIDENCE                      1 PROSPECTIVE_HYPOTHESIS
2026-09-07 14:27:47,960 | INFO | === TAF blueprint ===
2026-09-07 14:27:47,961 | INFO | === Falsification framework (section 33) ===
2026-09-07 14:41:10,916 | INFO | === TAF evidence matrix ===
2026-09-07 14:41:10,943 | INFO | taf_id      evidence_class  n_independent_sources                 status
 TAF-1      LOW_CONFIDENCE                      2 PROSPECTIVE_HYPOTHESIS
 TAF-2      LOW_CONFIDENCE                      2 PROSPECTIVE_HYPOTHESIS
 TAF-3 MODERATE_CONFIDENCE                      3 PROSPECTIVE_HYPOTHESIS
 TAF-4      LOW_CONFIDENCE                      1 PROSPECTIVE_HYPOTHESIS
 TAF-5      LOW_CONFIDENCE                      1 PROSPECTIVE_HYPOTHESIS
 TAF-6      LOW_CONFIDENCE                      1 PROSPECTIVE_HYPOTHESIS
2026-09-07 14:41:10,943 | INFO | === TAF blueprint ===
2026-09-07 14:41:10,943 | INFO | === Falsification framework (section 33) ===
2026-09-07 14:47:54,845 | INFO | === TAF evidence matrix ===
2026-09-07 14:47:54,871 | INFO | taf_id      evidence_class  n_independent_sources                 status
 TAF-1      LOW_CONFIDENCE                      2 PROSPECTIVE_HYPOTHESIS
 TAF-2      LOW_CONFIDENCE                      2 PROSPECTIVE_HYPOTHESIS
 TAF-3 MODERATE_CONFIDENCE                      3 PROSPECTIVE_HYPOTHESIS
 TAF-4      LOW_CONFIDENCE                      1 PROSPECTIVE_HYPOTHESIS
 TAF-5      LOW_CONFIDENCE                      1 PROSPECTIVE_HYPOTHESIS
 TAF-6      LOW_CONFIDENCE                      1 PROSPECTIVE_HYPOTHESIS
2026-09-07 14:47:54,871 | INFO | === TAF blueprint ===
2026-09-07 14:47:54,872 | INFO | === Falsification framework (section 33) ===
2026-09-07 14:53:37,469 | INFO | === TAF evidence matrix ===
2026-09-07 14:53:37,499 | INFO | taf_id      evidence_class  n_independent_sources                 status
 TAF-1      LOW_CONFIDENCE                      2 PROSPECTIVE_HYPOTHESIS
 TAF-2      LOW_CONFIDENCE                      2 PROSPECTIVE_HYPOTHESIS
 TAF-3 MODERATE_CONFIDENCE                      3 PROSPECTIVE_HYPOTHESIS
 TAF-4      LOW_CONFIDENCE                      1 PROSPECTIVE_HYPOTHESIS
 TAF-5      LOW_CONFIDENCE                      1 PROSPECTIVE_HYPOTHESIS
 TAF-6      LOW_CONFIDENCE                      1 PROSPECTIVE_HYPOTHESIS
2026-09-07 14:53:37,499 | INFO | === TAF blueprint ===
2026-09-07 14:53:37,499 | INFO | === Falsification framework (section 33) ===
2026-09-07 15:33:44,907 | INFO | === TAF evidence matrix ===
2026-09-07 15:33:44,937 | INFO | taf_id      evidence_class  n_independent_sources                 status
 TAF-1      LOW_CONFIDENCE                      2 PROSPECTIVE_HYPOTHESIS
 TAF-2      LOW_CONFIDENCE                      2 PROSPECTIVE_HYPOTHESIS
 TAF-3 MODERATE_CONFIDENCE                      3 PROSPECTIVE_HYPOTHESIS
 TAF-4      LOW_CONFIDENCE                      1 PROSPECTIVE_HYPOTHESIS
 TAF-5      LOW_CONFIDENCE                      1 PROSPECTIVE_HYPOTHESIS
 TAF-6      LOW_CONFIDENCE                      1 PROSPECTIVE_HYPOTHESIS
2026-09-07 15:33:44,937 | INFO | === TAF blueprint ===
2026-09-07 15:33:44,938 | INFO | === Falsification framework (section 33) ===
2026-09-07 15:57:59,611 | INFO | === TAF evidence matrix ===
2026-09-07 15:57:59,639 | INFO | taf_id      evidence_class  n_independent_sources                 status
 TAF-1      LOW_CONFIDENCE                      2 PROSPECTIVE_HYPOTHESIS
 TAF-2      LOW_CONFIDENCE                      2 PROSPECTIVE_HYPOTHESIS
 TAF-3 MODERATE_CONFIDENCE                      3 PROSPECTIVE_HYPOTHESIS
 TAF-4      LOW_CONFIDENCE                      1 PROSPECTIVE_HYPOTHESIS
 TAF-5      LOW_CONFIDENCE                      1 PROSPECTIVE_HYPOTHESIS
 TAF-6      LOW_CONFIDENCE                      1 PROSPECTIVE_HYPOTHESIS
2026-09-07 15:57:59,639 | INFO | === TAF blueprint ===
2026-09-07 15:57:59,639 | INFO | === Falsification framework (section 33) ===
2026-09-07 16:01:26,454 | INFO | === TAF evidence matrix ===
2026-09-07 16:01:26,480 | INFO | taf_id      evidence_class  n_independent_sources                 status
 TAF-1      LOW_CONFIDENCE                      2 PROSPECTIVE_HYPOTHESIS
 TAF-2      LOW_CONFIDENCE                      2 PROSPECTIVE_HYPOTHESIS
 TAF-3 MODERATE_CONFIDENCE                      3 PROSPECTIVE_HYPOTHESIS
 TAF-4      LOW_CONFIDENCE                      1 PROSPECTIVE_HYPOTHESIS
 TAF-5      LOW_CONFIDENCE                      1 PROSPECTIVE_HYPOTHESIS
 TAF-6      LOW_CONFIDENCE                      1 PROSPECTIVE_HYPOTHESIS
2026-09-07 16:01:26,481 | INFO | === TAF blueprint ===
2026-09-07 16:01:26,481 | INFO | === Falsification framework (section 33) ===
2026-09-07 16:25:08,474 | INFO | === TAF evidence matrix ===
2026-09-07 16:25:08,499 | INFO | taf_id      evidence_class  n_independent_sources                 status
 TAF-1      LOW_CONFIDENCE                      2 PROSPECTIVE_HYPOTHESIS
 TAF-2      LOW_CONFIDENCE                      2 PROSPECTIVE_HYPOTHESIS
 TAF-3 MODERATE_CONFIDENCE                      3 PROSPECTIVE_HYPOTHESIS
 TAF-4      LOW_CONFIDENCE                      1 PROSPECTIVE_HYPOTHESIS
 TAF-5      LOW_CONFIDENCE                      1 PROSPECTIVE_HYPOTHESIS
 TAF-6      LOW_CONFIDENCE                      1 PROSPECTIVE_HYPOTHESIS
2026-09-07 16:25:08,499 | INFO | === TAF blueprint ===
2026-09-07 16:25:08,500 | INFO | === Falsification framework (section 33) ===
2026-09-07 16:30:03,545 | INFO | === TAF evidence matrix ===
2026-09-07 16:30:03,570 | INFO | taf_id      evidence_class  n_independent_sources                 status
 TAF-1      LOW_CONFIDENCE                      2 PROSPECTIVE_HYPOTHESIS
 TAF-2      LOW_CONFIDENCE                      2 PROSPECTIVE_HYPOTHESIS
 TAF-3 MODERATE_CONFIDENCE                      3 PROSPECTIVE_HYPOTHESIS
 TAF-4      LOW_CONFIDENCE                      1 PROSPECTIVE_HYPOTHESIS
 TAF-5      LOW_CONFIDENCE                      1 PROSPECTIVE_HYPOTHESIS
 TAF-6      LOW_CONFIDENCE                      1 PROSPECTIVE_HYPOTHESIS
2026-09-07 16:30:03,570 | INFO | === TAF blueprint ===
2026-09-07 16:30:03,571 | INFO | === Falsification framework (section 33) ===
2026-09-07 16:50:53,675 | INFO | === TAF evidence matrix ===
2026-09-07 16:50:53,706 | INFO | taf_id      evidence_class  n_independent_sources                 status
 TAF-1      LOW_CONFIDENCE                      2 PROSPECTIVE_HYPOTHESIS
 TAF-2      LOW_CONFIDENCE                      2 PROSPECTIVE_HYPOTHESIS
 TAF-3 MODERATE_CONFIDENCE                      3 PROSPECTIVE_HYPOTHESIS
 TAF-4      LOW_CONFIDENCE                      1 PROSPECTIVE_HYPOTHESIS
 TAF-5      LOW_CONFIDENCE                      1 PROSPECTIVE_HYPOTHESIS
 TAF-6      LOW_CONFIDENCE                      1 PROSPECTIVE_HYPOTHESIS
2026-09-07 16:50:53,706 | INFO | === TAF blueprint ===
2026-09-07 16:50:53,706 | INFO | === Falsification framework (section 33) ===
2026-09-07 16:59:03,681 | INFO | === TAF evidence matrix ===
2026-09-07 16:59:03,707 | INFO | taf_id      evidence_class  n_independent_sources                 status
 TAF-1      LOW_CONFIDENCE                      2 PROSPECTIVE_HYPOTHESIS
 TAF-2      LOW_CONFIDENCE                      2 PROSPECTIVE_HYPOTHESIS
 TAF-3 MODERATE_CONFIDENCE                      3 PROSPECTIVE_HYPOTHESIS
 TAF-4      LOW_CONFIDENCE                      1 PROSPECTIVE_HYPOTHESIS
 TAF-5      LOW_CONFIDENCE                      1 PROSPECTIVE_HYPOTHESIS
 TAF-6      LOW_CONFIDENCE                      1 PROSPECTIVE_HYPOTHESIS
2026-09-07 16:59:03,707 | INFO | === TAF blueprint ===
2026-09-07 16:59:03,707 | INFO | === Falsification framework (section 33) ===
2026-09-08 22:57:34,957 | INFO | === TAF evidence matrix ===
2026-09-08 22:57:34,996 | INFO | taf_id      evidence_class  n_independent_sources                 status
 TAF-1      LOW_CONFIDENCE                      2 PROSPECTIVE_HYPOTHESIS
 TAF-2      LOW_CONFIDENCE                      2 PROSPECTIVE_HYPOTHESIS
 TAF-3 MODERATE_CONFIDENCE                      3 PROSPECTIVE_HYPOTHESIS
 TAF-4      LOW_CONFIDENCE                      1 PROSPECTIVE_HYPOTHESIS
 TAF-5      LOW_CONFIDENCE                      1 PROSPECTIVE_HYPOTHESIS
 TAF-6      LOW_CONFIDENCE                      1 PROSPECTIVE_HYPOTHESIS
2026-09-08 22:57:34,996 | INFO | === TAF blueprint ===
2026-09-08 22:57:34,997 | INFO | === Falsification framework (section 33) ===
2026-09-09 00:22:27,748 | INFO | === TAF evidence matrix ===
2026-09-09 00:22:27,778 | INFO | taf_id      evidence_class  n_independent_sources                 status
 TAF-1      LOW_CONFIDENCE                      2 PROSPECTIVE_HYPOTHESIS
 TAF-2      LOW_CONFIDENCE                      2 PROSPECTIVE_HYPOTHESIS
 TAF-3 MODERATE_CONFIDENCE                      3 PROSPECTIVE_HYPOTHESIS
 TAF-4      LOW_CONFIDENCE                      1 PROSPECTIVE_HYPOTHESIS
 TAF-5      LOW_CONFIDENCE                      1 PROSPECTIVE_HYPOTHESIS
 TAF-6      LOW_CONFIDENCE                      1 PROSPECTIVE_HYPOTHESIS
2026-09-09 00:22:27,778 | INFO | === TAF blueprint ===
2026-09-09 00:22:27,779 | INFO | === Falsification framework (section 33) ===
2026-09-09 12:56:25,942 | INFO | === TAF evidence matrix ===
2026-09-09 12:56:25,969 | INFO | taf_id      evidence_class  n_independent_sources                 status
 TAF-1      LOW_CONFIDENCE                      2 PROSPECTIVE_HYPOTHESIS
 TAF-2      LOW_CONFIDENCE                      2 PROSPECTIVE_HYPOTHESIS
 TAF-3 MODERATE_CONFIDENCE                      3 PROSPECTIVE_HYPOTHESIS
 TAF-4      LOW_CONFIDENCE                      1 PROSPECTIVE_HYPOTHESIS
 TAF-5      LOW_CONFIDENCE                      1 PROSPECTIVE_HYPOTHESIS
 TAF-6      LOW_CONFIDENCE                      1 PROSPECTIVE_HYPOTHESIS
2026-09-09 12:56:25,969 | INFO | === TAF blueprint ===
2026-09-09 12:56:25,969 | INFO | === Falsification framework (section 33) ===
2026-09-09 13:43:11,243 | INFO | === TAF evidence matrix ===
2026-09-09 13:43:11,271 | INFO | taf_id      evidence_class  n_independent_sources                 status
 TAF-1      LOW_CONFIDENCE                      2 PROSPECTIVE_HYPOTHESIS
 TAF-2      LOW_CONFIDENCE                      2 PROSPECTIVE_HYPOTHESIS
 TAF-3 MODERATE_CONFIDENCE                      3 PROSPECTIVE_HYPOTHESIS
 TAF-4      LOW_CONFIDENCE                      1 PROSPECTIVE_HYPOTHESIS
 TAF-5      LOW_CONFIDENCE                      1 PROSPECTIVE_HYPOTHESIS
 TAF-6      LOW_CONFIDENCE                      1 PROSPECTIVE_HYPOTHESIS
2026-09-09 13:43:11,271 | INFO | === TAF blueprint ===
2026-09-09 13:43:11,271 | INFO | === Falsification framework (section 33) ===
2026-09-09 13:45:43,998 | INFO | === TAF evidence matrix ===
2026-09-09 13:45:44,023 | INFO | taf_id      evidence_class  n_independent_sources                 status
 TAF-1      LOW_CONFIDENCE                      2 PROSPECTIVE_HYPOTHESIS
 TAF-2      LOW_CONFIDENCE                      2 PROSPECTIVE_HYPOTHESIS
 TAF-3 MODERATE_CONFIDENCE                      3 PROSPECTIVE_HYPOTHESIS
 TAF-4      LOW_CONFIDENCE                      1 PROSPECTIVE_HYPOTHESIS
 TAF-5      LOW_CONFIDENCE                      1 PROSPECTIVE_HYPOTHESIS
 TAF-6      LOW_CONFIDENCE                      1 PROSPECTIVE_HYPOTHESIS
2026-09-09 13:45:44,023 | INFO | === TAF blueprint ===
2026-09-09 13:45:44,024 | INFO | === Falsification framework (section 33) ===
2026-09-09 16:00:03,408 | INFO | === TAF evidence matrix ===
2026-09-09 16:00:03,468 | INFO | taf_id      evidence_class  n_independent_sources                 status
 TAF-1      LOW_CONFIDENCE                      2 PROSPECTIVE_HYPOTHESIS
 TAF-2      LOW_CONFIDENCE                      2 PROSPECTIVE_HYPOTHESIS
 TAF-3 MODERATE_CONFIDENCE                      3 PROSPECTIVE_HYPOTHESIS
 TAF-4      LOW_CONFIDENCE                      1 PROSPECTIVE_HYPOTHESIS
 TAF-5      LOW_CONFIDENCE                      1 PROSPECTIVE_HYPOTHESIS
 TAF-6      LOW_CONFIDENCE                      1 PROSPECTIVE_HYPOTHESIS
2026-09-09 16:00:03,468 | INFO | === TAF blueprint ===
2026-09-09 16:00:03,469 | INFO | === Falsification framework (section 33) ===
2026-09-10 13:41:38,854 | INFO | === TAF evidence matrix ===
2026-09-10 13:41:38,881 | INFO | taf_id      evidence_class  n_independent_sources                 status
 TAF-1      LOW_CONFIDENCE                      2 PROSPECTIVE_HYPOTHESIS
 TAF-2      LOW_CONFIDENCE                      2 PROSPECTIVE_HYPOTHESIS
 TAF-3 MODERATE_CONFIDENCE                      3 PROSPECTIVE_HYPOTHESIS
 TAF-4      LOW_CONFIDENCE                      1 PROSPECTIVE_HYPOTHESIS
 TAF-5      LOW_CONFIDENCE                      1 PROSPECTIVE_HYPOTHESIS
 TAF-6      LOW_CONFIDENCE                      1 PROSPECTIVE_HYPOTHESIS
2026-09-10 13:41:38,881 | INFO | === TAF blueprint ===
2026-09-10 13:41:38,881 | INFO | === Falsification framework (section 33) ===
2026-09-10 14:12:54,678 | INFO | === TAF evidence matrix ===
2026-09-10 14:12:54,705 | INFO | taf_id      evidence_class  n_independent_sources                 status
 TAF-1      LOW_CONFIDENCE                      2 PROSPECTIVE_HYPOTHESIS
 TAF-2      LOW_CONFIDENCE                      2 PROSPECTIVE_HYPOTHESIS
 TAF-3 MODERATE_CONFIDENCE                      3 PROSPECTIVE_HYPOTHESIS
 TAF-4      LOW_CONFIDENCE                      1 PROSPECTIVE_HYPOTHESIS
 TAF-5      LOW_CONFIDENCE                      1 PROSPECTIVE_HYPOTHESIS
 TAF-6      LOW_CONFIDENCE                      1 PROSPECTIVE_HYPOTHESIS
2026-09-10 14:12:54,705 | INFO | === TAF blueprint ===
2026-09-10 14:12:54,706 | INFO | === Falsification framework (section 33) ===
2026-09-10 14:19:57,927 | INFO | === TAF evidence matrix ===
2026-09-10 14:19:57,953 | INFO | taf_id      evidence_class  n_independent_sources                 status
 TAF-1      LOW_CONFIDENCE                      2 PROSPECTIVE_HYPOTHESIS
 TAF-2      LOW_CONFIDENCE                      2 PROSPECTIVE_HYPOTHESIS
 TAF-3 MODERATE_CONFIDENCE                      3 PROSPECTIVE_HYPOTHESIS
 TAF-4      LOW_CONFIDENCE                      1 PROSPECTIVE_HYPOTHESIS
 TAF-5      LOW_CONFIDENCE                      1 PROSPECTIVE_HYPOTHESIS
 TAF-6      LOW_CONFIDENCE                      1 PROSPECTIVE_HYPOTHESIS
2026-09-10 14:19:57,953 | INFO | === TAF blueprint ===
2026-09-10 14:19:57,953 | INFO | === Falsification framework (section 33) ===
2026-09-10 17:41:48,917 | INFO | === TAF evidence matrix ===
2026-09-10 17:41:48,993 | INFO | taf_id      evidence_class  n_independent_sources                 status
 TAF-1      LOW_CONFIDENCE                      2 PROSPECTIVE_HYPOTHESIS
 TAF-2      LOW_CONFIDENCE                      2 PROSPECTIVE_HYPOTHESIS
 TAF-3 MODERATE_CONFIDENCE                      3 PROSPECTIVE_HYPOTHESIS
 TAF-4      LOW_CONFIDENCE                      1 PROSPECTIVE_HYPOTHESIS
 TAF-5      LOW_CONFIDENCE                      1 PROSPECTIVE_HYPOTHESIS
 TAF-6      LOW_CONFIDENCE                      1 PROSPECTIVE_HYPOTHESIS
2026-09-10 17:41:48,993 | INFO | === TAF blueprint ===
2026-09-10 17:41:48,999 | INFO | === Falsification framework (section 33) ===
2026-09-10 18:00:52,136 | INFO | === TAF evidence matrix ===
2026-09-10 18:00:52,206 | INFO | taf_id      evidence_class  n_independent_sources                 status
 TAF-1      LOW_CONFIDENCE                      2 PROSPECTIVE_HYPOTHESIS
 TAF-2      LOW_CONFIDENCE                      2 PROSPECTIVE_HYPOTHESIS
 TAF-3 MODERATE_CONFIDENCE                      3 PROSPECTIVE_HYPOTHESIS
 TAF-4      LOW_CONFIDENCE                      1 PROSPECTIVE_HYPOTHESIS
 TAF-5      LOW_CONFIDENCE                      1 PROSPECTIVE_HYPOTHESIS
 TAF-6      LOW_CONFIDENCE                      1 PROSPECTIVE_HYPOTHESIS
2026-09-10 18:00:52,206 | INFO | === TAF blueprint ===
2026-09-10 18:00:52,213 | INFO | === Falsification framework (section 33) ===
2026-09-10 18:05:51,591 | INFO | === TAF evidence matrix ===
2026-09-10 18:05:51,645 | INFO | taf_id      evidence_class  n_independent_sources                 status
 TAF-1      LOW_CONFIDENCE                      2 PROSPECTIVE_HYPOTHESIS
 TAF-2      LOW_CONFIDENCE                      2 PROSPECTIVE_HYPOTHESIS
 TAF-3 MODERATE_CONFIDENCE                      3 PROSPECTIVE_HYPOTHESIS
 TAF-4      LOW_CONFIDENCE                      1 PROSPECTIVE_HYPOTHESIS
 TAF-5      LOW_CONFIDENCE                      1 PROSPECTIVE_HYPOTHESIS
 TAF-6      LOW_CONFIDENCE                      1 PROSPECTIVE_HYPOTHESIS
2026-09-10 18:05:51,645 | INFO | === TAF blueprint ===
2026-09-10 18:05:51,650 | INFO | === Falsification framework (section 33) ===
