2026-09-07 16:45:55,423 | INFO | === Ascorbate-focused SAR enrichment (phase 3b) ===
2026-09-07 16:47:07,493 | INFO | === Ascorbate-focused SAR enrichment (phase 3b) ===
2026-09-07 16:47:07,537 | INFO | Dataset ascorbate-core: 24/30 (actives on core: 7)
2026-09-07 16:47:07,537 | INFO | Candidate panel: 99 rows, ascorbate-core: 8, enediol motif: 27
2026-09-07 16:47:07,539 | INFO |  ascorbate_core                      subseries  n  active  active_fraction  potency_uM_min  potency_uM_max                                         member_ids
              1          6-O-benzyl-type ether  1       1            1.000          1288.0          1288.0                                               [18]
              1                6-bromo-6-deoxy  1       1            1.000             2.6             2.6                                               [25]
              1                    2/3-O-ether  8       3            0.375             0.0          1797.0                      [1, 2, 4, 19, 20, 21, 22, 24]
              1 5,6-O-isopropylidene acetonide 14       2            0.143             0.0          6077.0 [3, 5, 6, 7, 8, 9, 10, 11, 12, 13, 14, 15, 16, 17]
              0                  non_ascorbate  6       0            0.000             0.0             0.0                           [23, 26, 27, 28, 29, 30]
2026-09-07 16:48:22,053 | INFO | === Ascorbate-focused SAR enrichment (phase 3b) ===
2026-09-07 16:48:22,087 | INFO | Dataset ascorbate-core: 24/30 (actives on core: 7)
2026-09-07 16:48:22,087 | INFO | Candidate panel: 99 rows, ascorbate-core: 8, enediol motif: 27
2026-09-07 16:48:22,089 | INFO |  ascorbate_core                      subseries  n  active  active_fraction  potency_uM_min  potency_uM_max                                         member_ids
              1          6-O-benzyl-type ether  1       1            1.000          1288.0          1288.0                                               [18]
              1                6-bromo-6-deoxy  1       1            1.000             2.6             2.6                                               [25]
              1                    2/3-O-ether  8       3            0.375             0.0          1797.0                      [1, 2, 4, 19, 20, 21, 22, 24]
              1 5,6-O-isopropylidene acetonide 14       2            0.143             0.0          6077.0 [3, 5, 6, 7, 8, 9, 10, 11, 12, 13, 14, 15, 16, 17]
              0                  non_ascorbate  6       0            0.000             0.0             0.0                           [23, 26, 27, 28, 29, 30]
2026-09-07 16:48:29,889 | INFO | === Ascorbate-focused SAR enrichment (phase 3b) ===
2026-09-07 16:48:29,915 | INFO | Dataset ascorbate-core: 24/30 (actives on core: 7)
2026-09-07 16:48:29,915 | INFO | Candidate panel: 99 rows, ascorbate-core: 8, enediol motif: 27
2026-09-07 16:48:29,916 | INFO |  ascorbate_core                      subseries  n  active  active_fraction  potency_uM_min  potency_uM_max                                         member_ids
              1          6-O-benzyl-type ether  1       1            1.000          1288.0          1288.0                                               [18]
              1                6-bromo-6-deoxy  1       1            1.000             2.6             2.6                                               [25]
              1                    2/3-O-ether  8       3            0.375             0.0          1797.0                      [1, 2, 4, 19, 20, 21, 22, 24]
              1 5,6-O-isopropylidene acetonide 14       2            0.143             0.0          6077.0 [3, 5, 6, 7, 8, 9, 10, 11, 12, 13, 14, 15, 16, 17]
              0                  non_ascorbate  6       0            0.000             0.0             0.0                           [23, 26, 27, 28, 29, 30]
2026-09-07 16:56:34,980 | INFO | === Ascorbate-focused SAR enrichment (phase 3b) ===
2026-09-07 16:56:35,005 | INFO | Dataset ascorbate-core: 24/30 (actives on core: 7)
2026-09-07 16:56:35,005 | INFO | Candidate panel: 99 rows, ascorbate-core: 8, enediol motif: 27
2026-09-07 16:56:35,006 | INFO |  ascorbate_core                      subseries  n  active  active_fraction  potency_uM_min  potency_uM_max                                         member_ids
              1          6-O-benzyl-type ether  1       1            1.000          1288.0          1288.0                                               [18]
              1                6-bromo-6-deoxy  1       1            1.000             2.6             2.6                                               [25]
              1                    2/3-O-ether  8       3            0.375             0.0          1797.0                      [1, 2, 4, 19, 20, 21, 22, 24]
              1 5,6-O-isopropylidene acetonide 14       2            0.143             0.0          6077.0 [3, 5, 6, 7, 8, 9, 10, 11, 12, 13, 14, 15, 16, 17]
              0                  non_ascorbate  6       0            0.000             0.0             0.0                           [23, 26, 27, 28, 29, 30]
2026-09-08 22:13:06,484 | INFO | === Ascorbate-focused SAR enrichment (phase 3b) ===
2026-09-08 22:13:06,525 | INFO | Dataset ascorbate-core: 24/30 (actives on core: 7)
2026-09-08 22:13:06,525 | INFO | Candidate panel: 99 rows, ascorbate-core: 8, enediol motif: 27
2026-09-08 22:13:06,527 | INFO |  ascorbate_core                                        subseries  n  active  active_fraction  potency_uM_min  potency_uM_max                  member_ids
              1                                       2-O-alkoxy  1       1            1.000          1202.0          1202.0                        [24]
              1     5,6-O-isopropylidene acetonide, free enediol  1       1            1.000          6077.0          6077.0                         [3]
              1                            6-O-benzyl-type ether  1       1            1.000          1288.0          1288.0                        [18]
              1                                  6-bromo-6-deoxy  1       1            1.000             2.6             2.6                        [25]
              1                                   free ascorbate  3       2            0.667             0.0          1797.0                   [1, 2, 4]
              1       5,6-O-isopropylidene acetonide, 3-O-alkoxy  8       1            0.125             0.0             0.2 [5, 6, 7, 8, 9, 10, 11, 12]
              1                                 2,3-bis-O-alkoxy  1       0            0.000             0.0             0.0                        [22]
              1                                       3-O-alkoxy  3       0            0.000             0.0             0.0                [19, 20, 21]
              1 5,6-O-isopropylidene acetonide, 2,3-bis-O-alkoxy  5       0            0.000             0.0             0.0        [13, 14, 15, 16, 17]
              0                                    non_ascorbate  6       0            0.000             0.0             0.0    [23, 26, 27, 28, 29, 30]
2026-09-08 22:55:20,324 | INFO | === Ascorbate-focused SAR enrichment (phase 3b) ===
2026-09-08 22:55:20,356 | INFO | Dataset ascorbate-core: 24/30 (actives on core: 7)
2026-09-08 22:55:20,357 | INFO | Candidate panel: 99 rows, ascorbate-core: 8, enediol motif: 27
2026-09-08 22:55:20,358 | INFO |  ascorbate_core                                        subseries  n  active  active_fraction  potency_uM_min  potency_uM_max                  member_ids
              1                                       2-O-alkoxy  1       1            1.000          1202.0          1202.0                        [24]
              1     5,6-O-isopropylidene acetonide, free enediol  1       1            1.000          6077.0          6077.0                         [3]
              1                            6-O-benzyl-type ether  1       1            1.000          1288.0          1288.0                        [18]
              1                                  6-bromo-6-deoxy  1       1            1.000             2.6             2.6                        [25]
              1                                   free ascorbate  3       2            0.667             0.0          1797.0                   [1, 2, 4]
              1       5,6-O-isopropylidene acetonide, 3-O-alkoxy  8       1            0.125             0.0             0.2 [5, 6, 7, 8, 9, 10, 11, 12]
              1                                 2,3-bis-O-alkoxy  1       0            0.000             0.0             0.0                        [22]
              1                                       3-O-alkoxy  3       0            0.000             0.0             0.0                [19, 20, 21]
              1 5,6-O-isopropylidene acetonide, 2,3-bis-O-alkoxy  5       0            0.000             0.0             0.0        [13, 14, 15, 16, 17]
              0                                    non_ascorbate  6       0            0.000             0.0             0.0    [23, 26, 27, 28, 29, 30]
2026-09-09 00:20:17,013 | INFO | === Ascorbate-focused SAR enrichment (phase 3b) ===
2026-09-09 00:20:17,046 | INFO | Dataset ascorbate-core: 24/30 (actives on core: 7)
2026-09-09 00:20:17,046 | INFO | Candidate panel: 99 rows, ascorbate-core: 8, enediol motif: 27
2026-09-09 00:20:17,048 | INFO |  ascorbate_core                                        subseries  n  active  active_fraction  potency_uM_min  potency_uM_max                  member_ids
              1                                       2-O-alkoxy  1       1            1.000          1202.0          1202.0                        [24]
              1     5,6-O-isopropylidene acetonide, free enediol  1       1            1.000          6077.0          6077.0                         [3]
              1                            6-O-benzyl-type ether  1       1            1.000          1288.0          1288.0                        [18]
              1                                  6-bromo-6-deoxy  1       1            1.000             2.6             2.6                        [25]
              1                                   free ascorbate  3       2            0.667             0.0          1797.0                   [1, 2, 4]
              1       5,6-O-isopropylidene acetonide, 3-O-alkoxy  8       1            0.125             0.0             0.2 [5, 6, 7, 8, 9, 10, 11, 12]
              1                                 2,3-bis-O-alkoxy  1       0            0.000             0.0             0.0                        [22]
              1                                       3-O-alkoxy  3       0            0.000             0.0             0.0                [19, 20, 21]
              1 5,6-O-isopropylidene acetonide, 2,3-bis-O-alkoxy  5       0            0.000             0.0             0.0        [13, 14, 15, 16, 17]
              0                                    non_ascorbate  6       0            0.000             0.0             0.0    [23, 26, 27, 28, 29, 30]
2026-09-09 12:54:16,247 | INFO | === Ascorbate-focused SAR enrichment (phase 3b) ===
2026-09-09 12:54:16,275 | INFO | Dataset ascorbate-core: 24/30 (actives on core: 7)
2026-09-09 12:54:16,275 | INFO | Candidate panel: 99 rows, ascorbate-core: 8, enediol motif: 27
2026-09-09 12:54:16,277 | INFO |  ascorbate_core                                        subseries  n  active  active_fraction  potency_uM_min  potency_uM_max                  member_ids
              1                                       2-O-alkoxy  1       1            1.000          1202.0          1202.0                        [24]
              1     5,6-O-isopropylidene acetonide, free enediol  1       1            1.000          6077.0          6077.0                         [3]
              1                            6-O-benzyl-type ether  1       1            1.000          1288.0          1288.0                        [18]
              1                                  6-bromo-6-deoxy  1       1            1.000             2.6             2.6                        [25]
              1                                   free ascorbate  3       2            0.667             0.0          1797.0                   [1, 2, 4]
              1       5,6-O-isopropylidene acetonide, 3-O-alkoxy  8       1            0.125             0.0             0.2 [5, 6, 7, 8, 9, 10, 11, 12]
              1                                 2,3-bis-O-alkoxy  1       0            0.000             0.0             0.0                        [22]
              1                                       3-O-alkoxy  3       0            0.000             0.0             0.0                [19, 20, 21]
              1 5,6-O-isopropylidene acetonide, 2,3-bis-O-alkoxy  5       0            0.000             0.0             0.0        [13, 14, 15, 16, 17]
              0                                    non_ascorbate  6       0            0.000             0.0             0.0    [23, 26, 27, 28, 29, 30]
2026-09-09 13:41:06,038 | INFO | === Ascorbate-focused SAR enrichment (phase 3b) ===
2026-09-09 13:41:06,067 | INFO | Dataset ascorbate-core: 24/30 (actives on core: 7)
2026-09-09 13:41:06,067 | INFO | Candidate panel: 99 rows, ascorbate-core: 8, enediol motif: 27
2026-09-09 13:41:06,069 | INFO |  ascorbate_core                                        subseries  n  active  active_fraction  potency_uM_min  potency_uM_max                  member_ids
              1                                       2-O-alkoxy  1       1            1.000          1202.0          1202.0                        [24]
              1     5,6-O-isopropylidene acetonide, free enediol  1       1            1.000          6077.0          6077.0                         [3]
              1                            6-O-benzyl-type ether  1       1            1.000          1288.0          1288.0                        [18]
              1                                  6-bromo-6-deoxy  1       1            1.000             2.6             2.6                        [25]
              1                                   free ascorbate  3       2            0.667             0.0          1797.0                   [1, 2, 4]
              1       5,6-O-isopropylidene acetonide, 3-O-alkoxy  8       1            0.125             0.0             0.2 [5, 6, 7, 8, 9, 10, 11, 12]
              1                                 2,3-bis-O-alkoxy  1       0            0.000             0.0             0.0                        [22]
              1                                       3-O-alkoxy  3       0            0.000             0.0             0.0                [19, 20, 21]
              1 5,6-O-isopropylidene acetonide, 2,3-bis-O-alkoxy  5       0            0.000             0.0             0.0        [13, 14, 15, 16, 17]
              0                                    non_ascorbate  6       0            0.000             0.0             0.0    [23, 26, 27, 28, 29, 30]
2026-09-09 13:43:40,576 | INFO | === Ascorbate-focused SAR enrichment (phase 3b) ===
2026-09-09 13:43:40,603 | INFO | Dataset ascorbate-core: 24/30 (actives on core: 7)
2026-09-09 13:43:40,603 | INFO | Candidate panel: 99 rows, ascorbate-core: 8, enediol motif: 27
2026-09-09 13:43:40,605 | INFO |  ascorbate_core                                        subseries  n  active  active_fraction  potency_uM_min  potency_uM_max                  member_ids
              1                                       2-O-alkoxy  1       1            1.000          1202.0          1202.0                        [24]
              1     5,6-O-isopropylidene acetonide, free enediol  1       1            1.000          6077.0          6077.0                         [3]
              1                            6-O-benzyl-type ether  1       1            1.000          1288.0          1288.0                        [18]
              1                                  6-bromo-6-deoxy  1       1            1.000             2.6             2.6                        [25]
              1                                   free ascorbate  3       2            0.667             0.0          1797.0                   [1, 2, 4]
              1       5,6-O-isopropylidene acetonide, 3-O-alkoxy  8       1            0.125             0.0             0.2 [5, 6, 7, 8, 9, 10, 11, 12]
              1                                 2,3-bis-O-alkoxy  1       0            0.000             0.0             0.0                        [22]
              1                                       3-O-alkoxy  3       0            0.000             0.0             0.0                [19, 20, 21]
              1 5,6-O-isopropylidene acetonide, 2,3-bis-O-alkoxy  5       0            0.000             0.0             0.0        [13, 14, 15, 16, 17]
              0                                    non_ascorbate  6       0            0.000             0.0             0.0    [23, 26, 27, 28, 29, 30]
2026-09-09 15:55:21,905 | INFO | === Ascorbate-focused SAR enrichment (phase 3b) ===
2026-09-09 15:55:21,979 | INFO | Dataset ascorbate-core: 24/30 (actives on core: 7)
2026-09-09 15:55:21,980 | INFO | Candidate panel: 99 rows, ascorbate-core: 8, enediol motif: 27
2026-09-09 15:55:21,983 | INFO |  ascorbate_core                                        subseries  n  active  active_fraction  potency_uM_min  potency_uM_max                  member_ids
              1                                       2-O-alkoxy  1       1            1.000          1202.0          1202.0                        [24]
              1     5,6-O-isopropylidene acetonide, free enediol  1       1            1.000          6077.0          6077.0                         [3]
              1                            6-O-benzyl-type ether  1       1            1.000          1288.0          1288.0                        [18]
              1                                  6-bromo-6-deoxy  1       1            1.000             2.6             2.6                        [25]
              1                                   free ascorbate  3       2            0.667             0.0          1797.0                   [1, 2, 4]
              1       5,6-O-isopropylidene acetonide, 3-O-alkoxy  8       1            0.125             0.0             0.2 [5, 6, 7, 8, 9, 10, 11, 12]
              1                                 2,3-bis-O-alkoxy  1       0            0.000             0.0             0.0                        [22]
              1                                       3-O-alkoxy  3       0            0.000             0.0             0.0                [19, 20, 21]
              1 5,6-O-isopropylidene acetonide, 2,3-bis-O-alkoxy  5       0            0.000             0.0             0.0        [13, 14, 15, 16, 17]
              0                                    non_ascorbate  6       0            0.000             0.0             0.0    [23, 26, 27, 28, 29, 30]
2026-09-10 13:39:32,487 | INFO | === Ascorbate-focused SAR enrichment (phase 3b) ===
2026-09-10 13:39:32,516 | INFO | Dataset ascorbate-core: 24/30 (actives on core: 7)
2026-09-10 13:39:32,516 | INFO | Candidate panel: 99 rows, ascorbate-core: 8, enediol motif: 27
2026-09-10 13:39:32,518 | INFO |  ascorbate_core                                        subseries  n  active  active_fraction  potency_uM_min  potency_uM_max                  member_ids
              1                                       2-O-alkoxy  1       1            1.000          1202.0          1202.0                        [24]
              1     5,6-O-isopropylidene acetonide, free enediol  1       1            1.000          6077.0          6077.0                         [3]
              1                            6-O-benzyl-type ether  1       1            1.000          1288.0          1288.0                        [18]
              1                                  6-bromo-6-deoxy  1       1            1.000             2.6             2.6                        [25]
              1                                   free ascorbate  3       2            0.667             0.0          1797.0                   [1, 2, 4]
              1       5,6-O-isopropylidene acetonide, 3-O-alkoxy  8       1            0.125             0.0             0.2 [5, 6, 7, 8, 9, 10, 11, 12]
              1                                 2,3-bis-O-alkoxy  1       0            0.000             0.0             0.0                        [22]
              1                                       3-O-alkoxy  3       0            0.000             0.0             0.0                [19, 20, 21]
              1 5,6-O-isopropylidene acetonide, 2,3-bis-O-alkoxy  5       0            0.000             0.0             0.0        [13, 14, 15, 16, 17]
              0                                    non_ascorbate  6       0            0.000             0.0             0.0    [23, 26, 27, 28, 29, 30]
2026-09-10 14:10:48,390 | INFO | === Ascorbate-focused SAR enrichment (phase 3b) ===
2026-09-10 14:10:48,422 | INFO | Dataset ascorbate-core: 24/30 (actives on core: 7)
2026-09-10 14:10:48,422 | INFO | Candidate panel: 99 rows, ascorbate-core: 8, enediol motif: 27
2026-09-10 14:10:48,423 | INFO |  ascorbate_core                                        subseries  n  active  active_fraction  potency_uM_min  potency_uM_max                  member_ids
              1                                       2-O-alkoxy  1       1            1.000          1202.0          1202.0                        [24]
              1     5,6-O-isopropylidene acetonide, free enediol  1       1            1.000          6077.0          6077.0                         [3]
              1                            6-O-benzyl-type ether  1       1            1.000          1288.0          1288.0                        [18]
              1                                  6-bromo-6-deoxy  1       1            1.000             2.6             2.6                        [25]
              1                                   free ascorbate  3       2            0.667             0.0          1797.0                   [1, 2, 4]
              1       5,6-O-isopropylidene acetonide, 3-O-alkoxy  8       1            0.125             0.0             0.2 [5, 6, 7, 8, 9, 10, 11, 12]
              1                                 2,3-bis-O-alkoxy  1       0            0.000             0.0             0.0                        [22]
              1                                       3-O-alkoxy  3       0            0.000             0.0             0.0                [19, 20, 21]
              1 5,6-O-isopropylidene acetonide, 2,3-bis-O-alkoxy  5       0            0.000             0.0             0.0        [13, 14, 15, 16, 17]
              0                                    non_ascorbate  6       0            0.000             0.0             0.0    [23, 26, 27, 28, 29, 30]
2026-09-10 14:17:53,609 | INFO | === Ascorbate-focused SAR enrichment (phase 3b) ===
2026-09-10 14:17:53,632 | INFO | Dataset ascorbate-core: 24/30 (actives on core: 7)
2026-09-10 14:17:53,632 | INFO | Candidate panel: 15 rows, ascorbate-core: 8, enediol motif: 15
2026-09-10 14:17:53,634 | INFO |  ascorbate_core                                        subseries  n  active  active_fraction  potency_uM_min  potency_uM_max                  member_ids
              1                                       2-O-alkoxy  1       1            1.000          1202.0          1202.0                        [24]
              1     5,6-O-isopropylidene acetonide, free enediol  1       1            1.000          6077.0          6077.0                         [3]
              1                            6-O-benzyl-type ether  1       1            1.000          1288.0          1288.0                        [18]
              1                                  6-bromo-6-deoxy  1       1            1.000             2.6             2.6                        [25]
              1                                   free ascorbate  3       2            0.667             0.0          1797.0                   [1, 2, 4]
              1       5,6-O-isopropylidene acetonide, 3-O-alkoxy  8       1            0.125             0.0             0.2 [5, 6, 7, 8, 9, 10, 11, 12]
              1                                 2,3-bis-O-alkoxy  1       0            0.000             0.0             0.0                        [22]
              1                                       3-O-alkoxy  3       0            0.000             0.0             0.0                [19, 20, 21]
              1 5,6-O-isopropylidene acetonide, 2,3-bis-O-alkoxy  5       0            0.000             0.0             0.0        [13, 14, 15, 16, 17]
              0                                    non_ascorbate  6       0            0.000             0.0             0.0    [23, 26, 27, 28, 29, 30]
2026-09-10 17:33:25,539 | INFO | === Ascorbate-focused SAR enrichment (phase 3b) ===
2026-09-10 17:33:25,604 | INFO | Dataset ascorbate-core: 24/30 (actives on core: 7)
2026-09-10 17:33:25,605 | INFO | Candidate panel: 15 rows, ascorbate-core: 8, enediol motif: 15
2026-09-10 17:33:25,607 | INFO |  ascorbate_core                                        subseries  n  active  active_fraction  potency_uM_min  potency_uM_max                  member_ids
              1                                       2-O-alkoxy  1       1            1.000          1202.0          1202.0                        [24]
              1     5,6-O-isopropylidene acetonide, free enediol  1       1            1.000          6077.0          6077.0                         [3]
              1                            6-O-benzyl-type ether  1       1            1.000          1288.0          1288.0                        [18]
              1                                  6-bromo-6-deoxy  1       1            1.000             2.6             2.6                        [25]
              1                                   free ascorbate  3       2            0.667             0.0          1797.0                   [1, 2, 4]
              1       5,6-O-isopropylidene acetonide, 3-O-alkoxy  8       1            0.125             0.0             0.2 [5, 6, 7, 8, 9, 10, 11, 12]
              1                                 2,3-bis-O-alkoxy  1       0            0.000             0.0             0.0                        [22]
              1                                       3-O-alkoxy  3       0            0.000             0.0             0.0                [19, 20, 21]
              1 5,6-O-isopropylidene acetonide, 2,3-bis-O-alkoxy  5       0            0.000             0.0             0.0        [13, 14, 15, 16, 17]
              0                                    non_ascorbate  6       0            0.000             0.0             0.0    [23, 26, 27, 28, 29, 30]
2026-09-10 17:35:45,464 | INFO | === Ascorbate-focused SAR enrichment (phase 3b) ===
2026-09-10 17:35:45,519 | INFO | Dataset ascorbate-core: 24/30 (actives on core: 7)
2026-09-10 17:35:45,519 | INFO | Candidate panel: 15 rows, ascorbate-core: 8, enediol motif: 15
2026-09-10 17:35:45,522 | INFO |  ascorbate_core                                        subseries  n  active  active_fraction  potency_uM_min  potency_uM_max                  member_ids
              1                                       2-O-alkoxy  1       1            1.000          1202.0          1202.0                        [24]
              1     5,6-O-isopropylidene acetonide, free enediol  1       1            1.000          6077.0          6077.0                         [3]
              1                            6-O-benzyl-type ether  1       1            1.000          1288.0          1288.0                        [18]
              1                                  6-bromo-6-deoxy  1       1            1.000             2.6             2.6                        [25]
              1                                   free ascorbate  3       2            0.667             0.0          1797.0                   [1, 2, 4]
              1       5,6-O-isopropylidene acetonide, 3-O-alkoxy  8       1            0.125             0.0             0.2 [5, 6, 7, 8, 9, 10, 11, 12]
              1                                 2,3-bis-O-alkoxy  1       0            0.000             0.0             0.0                        [22]
              1                                       3-O-alkoxy  3       0            0.000             0.0             0.0                [19, 20, 21]
              1 5,6-O-isopropylidene acetonide, 2,3-bis-O-alkoxy  5       0            0.000             0.0             0.0        [13, 14, 15, 16, 17]
              0                                    non_ascorbate  6       0            0.000             0.0             0.0    [23, 26, 27, 28, 29, 30]
2026-09-10 17:56:47,682 | INFO | === Ascorbate-focused SAR enrichment (phase 3b) ===
2026-09-10 17:56:47,731 | INFO | Dataset ascorbate-core: 24/30 (actives on core: 7)
2026-09-10 17:56:47,731 | INFO | Candidate panel: 15 rows, ascorbate-core: 8, enediol motif: 15
2026-09-10 17:56:47,733 | INFO |  ascorbate_core                                        subseries  n  active  active_fraction  potency_uM_min  potency_uM_max                  member_ids
              1                                       2-O-alkoxy  1       1            1.000          1202.0          1202.0                        [24]
              1     5,6-O-isopropylidene acetonide, free enediol  1       1            1.000          6077.0          6077.0                         [3]
              1                            6-O-benzyl-type ether  1       1            1.000          1288.0          1288.0                        [18]
              1                                  6-bromo-6-deoxy  1       1            1.000             2.6             2.6                        [25]
              1                                   free ascorbate  3       2            0.667             0.0          1797.0                   [1, 2, 4]
              1       5,6-O-isopropylidene acetonide, 3-O-alkoxy  8       1            0.125             0.0             0.2 [5, 6, 7, 8, 9, 10, 11, 12]
              1                                 2,3-bis-O-alkoxy  1       0            0.000             0.0             0.0                        [22]
              1                                       3-O-alkoxy  3       0            0.000             0.0             0.0                [19, 20, 21]
              1 5,6-O-isopropylidene acetonide, 2,3-bis-O-alkoxy  5       0            0.000             0.0             0.0        [13, 14, 15, 16, 17]
              0                                    non_ascorbate  6       0            0.000             0.0             0.0    [23, 26, 27, 28, 29, 30]
2026-09-10 18:01:49,367 | INFO | === Ascorbate-focused SAR enrichment (phase 3b) ===
2026-09-10 18:01:49,412 | INFO | Dataset ascorbate-core: 24/30 (actives on core: 7)
2026-09-10 18:01:49,412 | INFO | Candidate panel: 15 rows, ascorbate-core: 8, enediol motif: 15
2026-09-10 18:01:49,414 | INFO |  ascorbate_core                                        subseries  n  active  active_fraction  potency_uM_min  potency_uM_max                  member_ids
              1                                       2-O-alkoxy  1       1            1.000          1202.0          1202.0                        [24]
              1     5,6-O-isopropylidene acetonide, free enediol  1       1            1.000          6077.0          6077.0                         [3]
              1                            6-O-benzyl-type ether  1       1            1.000          1288.0          1288.0                        [18]
              1                                  6-bromo-6-deoxy  1       1            1.000             2.6             2.6                        [25]
              1                                   free ascorbate  3       2            0.667             0.0          1797.0                   [1, 2, 4]
              1       5,6-O-isopropylidene acetonide, 3-O-alkoxy  8       1            0.125             0.0             0.2 [5, 6, 7, 8, 9, 10, 11, 12]
              1                                 2,3-bis-O-alkoxy  1       0            0.000             0.0             0.0                        [22]
              1                                       3-O-alkoxy  3       0            0.000             0.0             0.0                [19, 20, 21]
              1 5,6-O-isopropylidene acetonide, 2,3-bis-O-alkoxy  5       0            0.000             0.0             0.0        [13, 14, 15, 16, 17]
              0                                    non_ascorbate  6       0            0.000             0.0             0.0    [23, 26, 27, 28, 29, 30]
