2026-09-07 12:30:46,195 | INFO | === REINVENT 4 integration ===
2026-09-07 12:30:46,200 | INFO | REINVENT available: False
2026-09-07 12:30:46,213 | WARNING | REINVENT binary NOT AVAILABLE. Config skeletons written; no molecules generated. Install REINVENT 4 and re-run phase9 to populate generated/
2026-09-07 12:32:59,283 | INFO | === REINVENT 4 integration ===
2026-09-07 12:32:59,283 | INFO | REINVENT available: False
2026-09-07 12:32:59,298 | WARNING | REINVENT binary NOT AVAILABLE. Config skeletons written; no molecules generated. Install REINVENT 4 and re-run phase9 to populate generated/
2026-09-07 13:06:04,754 | INFO | === REINVENT 4 integration ===
2026-09-07 13:06:04,754 | INFO | REINVENT available: False
2026-09-07 13:06:04,820 | INFO | Inception seed (7 active SMILES) -> /Users/nb/Documents/ligand-based-modeling/project/reinvent/inception.smi
2026-09-07 13:06:04,869 | INFO | Inception seed (7 active SMILES) -> /Users/nb/Documents/ligand-based-modeling/project/reinvent/inception.smi
2026-09-07 13:06:04,872 | INFO | LibInvent scaffolds (7) -> /Users/nb/Documents/ligand-based-modeling/project/reinvent/scaffolds_libinvent.smi
2026-09-07 13:06:04,889 | WARNING | REINVENT binary NOT AVAILABLE. Real per-mode TOML configs written (validated against REINVENT4 main configs/PARAMS.md schema), priors checksum-verified. No molecules generated. Install REINVENT4 and run reinvent/run_generation.sh to populate reinvent/out/<mode>/.
2026-09-07 13:07:17,623 | INFO | === REINVENT 4 integration ===
2026-09-07 13:07:17,624 | INFO | REINVENT available: False
2026-09-07 13:07:17,719 | INFO | Inception seed (7 active SMILES) -> /Users/nb/Documents/ligand-based-modeling/project/reinvent/inception.smi
2026-09-07 13:07:17,767 | INFO | Inception seed (7 active SMILES) -> /Users/nb/Documents/ligand-based-modeling/project/reinvent/inception.smi
2026-09-07 13:07:17,768 | INFO | LibInvent scaffolds (7) -> /Users/nb/Documents/ligand-based-modeling/project/reinvent/scaffolds_libinvent.smi
2026-09-07 13:07:17,798 | WARNING | REINVENT binary NOT AVAILABLE. Real per-mode TOML configs written (validated against REINVENT4 main configs/PARAMS.md schema), priors checksum-verified. No molecules generated. Install REINVENT4 and run reinvent/run_generation.sh to populate reinvent/out/<mode>/.
2026-09-07 13:12:07,248 | INFO | === REINVENT 4 integration ===
2026-09-07 13:12:07,249 | INFO | REINVENT available: False
2026-09-07 13:12:07,339 | INFO | Inception seed (7 active SMILES) -> /Users/nb/Documents/ligand-based-modeling/project/reinvent/inception.smi
2026-09-07 13:12:07,390 | INFO | Inception seed (7 active SMILES) -> /Users/nb/Documents/ligand-based-modeling/project/reinvent/inception.smi
2026-09-07 13:12:07,392 | INFO | LibInvent scaffolds (7) -> /Users/nb/Documents/ligand-based-modeling/project/reinvent/scaffolds_libinvent.smi
2026-09-07 13:12:07,409 | WARNING | REINVENT binary NOT AVAILABLE. Real per-mode TOML configs written (validated against REINVENT4 main configs/PARAMS.md schema), priors checksum-verified. No molecules generated. Install REINVENT4 and run reinvent/run_generation.sh to populate reinvent/out/<mode>/.
2026-09-07 14:27:48,054 | INFO | === REINVENT 4 integration ===
2026-09-07 14:27:48,055 | INFO | REINVENT available: False
2026-09-07 14:27:48,125 | INFO | Inception seed (7 active SMILES) -> /Users/nb/Documents/ligand-based-modeling/project/reinvent/inception.smi
2026-09-07 14:27:48,176 | INFO | Inception seed (7 active SMILES) -> /Users/nb/Documents/ligand-based-modeling/project/reinvent/inception.smi
2026-09-07 14:27:48,179 | INFO | LibInvent scaffolds (7) -> /Users/nb/Documents/ligand-based-modeling/project/reinvent/scaffolds_libinvent.smi
2026-09-07 14:27:48,194 | WARNING | REINVENT binary NOT AVAILABLE. Real per-mode TOML configs written (validated against REINVENT4 main configs/PARAMS.md schema), priors checksum-verified. No molecules generated. Install REINVENT4 and run reinvent/run_generation.sh to populate reinvent/out/<mode>/.
2026-09-07 14:47:54,966 | INFO | === REINVENT 4 integration ===
2026-09-07 14:47:54,967 | INFO | REINVENT available: False
2026-09-07 14:47:55,040 | INFO | Inception seed (7 active SMILES) -> /Users/nb/Documents/ligand-based-modeling/project/reinvent/inception.smi
2026-09-07 14:47:55,089 | INFO | Inception seed (7 active SMILES) -> /Users/nb/Documents/ligand-based-modeling/project/reinvent/inception.smi
2026-09-07 14:47:55,090 | INFO | LibInvent scaffolds (7) -> /Users/nb/Documents/ligand-based-modeling/project/reinvent/scaffolds_libinvent.smi
2026-09-07 14:47:55,106 | WARNING | REINVENT binary NOT AVAILABLE. Real per-mode TOML configs written (validated against REINVENT4 main configs/PARAMS.md schema), priors checksum-verified. No molecules generated. Install REINVENT4 and run reinvent/run_generation.sh to populate reinvent/out/<mode>/.
2026-09-07 14:53:37,605 | INFO | === REINVENT 4 integration ===
2026-09-07 14:53:37,605 | INFO | REINVENT available: False
2026-09-07 14:53:37,670 | INFO | Inception seed (7 active SMILES) -> /Users/nb/Documents/ligand-based-modeling/project/reinvent/inception.smi
2026-09-07 14:53:37,726 | INFO | Inception seed (7 active SMILES) -> /Users/nb/Documents/ligand-based-modeling/project/reinvent/inception.smi
2026-09-07 14:53:37,728 | INFO | LibInvent scaffolds (7) -> /Users/nb/Documents/ligand-based-modeling/project/reinvent/scaffolds_libinvent.smi
2026-09-07 14:53:37,747 | WARNING | REINVENT binary NOT AVAILABLE. Real per-mode TOML configs written (validated against REINVENT4 main configs/PARAMS.md schema), priors checksum-verified. No molecules generated. Install REINVENT4 and run reinvent/run_generation.sh to populate reinvent/out/<mode>/.
2026-09-07 15:00:54,649 | INFO | === REINVENT 4 integration ===
2026-09-07 15:00:54,649 | INFO | REINVENT available: False
2026-09-07 15:00:54,718 | INFO | Inception seed (7 active SMILES) -> /Users/nb/Documents/ligand-based-modeling/project/reinvent/inception.smi
2026-09-07 15:00:54,765 | INFO | Inception seed (7 active SMILES) -> /Users/nb/Documents/ligand-based-modeling/project/reinvent/inception.smi
2026-09-07 15:00:54,767 | INFO | LibInvent scaffolds (7) -> /Users/nb/Documents/ligand-based-modeling/project/reinvent/scaffolds_libinvent.smi
2026-09-07 15:00:54,790 | WARNING | REINVENT binary NOT AVAILABLE. Real per-mode TOML configs written (validated against REINVENT4 main configs/PARAMS.md schema), priors checksum-verified. No molecules generated. Install REINVENT4 and run reinvent/run_generation.sh to populate reinvent/out/<mode>/.
2026-09-07 15:33:45,040 | INFO | === REINVENT 4 integration ===
2026-09-07 15:33:45,042 | INFO | REINVENT available: False
2026-09-07 15:33:45,104 | INFO | Inception seed (7 active SMILES) -> /Users/nb/Documents/ligand-based-modeling/project/reinvent/inception.smi
2026-09-07 15:33:45,156 | INFO | Inception seed (7 active SMILES) -> /Users/nb/Documents/ligand-based-modeling/project/reinvent/inception.smi
2026-09-07 15:33:45,159 | INFO | LibInvent scaffolds (7) -> /Users/nb/Documents/ligand-based-modeling/project/reinvent/scaffolds_libinvent.smi
2026-09-07 15:33:45,178 | WARNING | REINVENT binary NOT AVAILABLE. Real per-mode TOML configs written (validated against REINVENT4 main configs/PARAMS.md schema), priors checksum-verified. No molecules generated. Install REINVENT4 and run reinvent/run_generation.sh to populate reinvent/out/<mode>/.
2026-09-07 15:57:59,732 | INFO | === REINVENT 4 integration ===
2026-09-07 15:57:59,732 | INFO | REINVENT available: False
2026-09-07 15:57:59,791 | INFO | Inception seed (7 active SMILES) -> /Users/nb/Documents/ligand-based-modeling/project/reinvent/inception.smi
2026-09-07 15:57:59,840 | INFO | Inception seed (7 active SMILES) -> /Users/nb/Documents/ligand-based-modeling/project/reinvent/inception.smi
2026-09-07 15:57:59,842 | INFO | LibInvent scaffolds (7) -> /Users/nb/Documents/ligand-based-modeling/project/reinvent/scaffolds_libinvent.smi
2026-09-07 15:57:59,856 | WARNING | REINVENT binary NOT AVAILABLE. Real per-mode TOML configs written (validated against REINVENT4 main configs/PARAMS.md schema), priors checksum-verified. No molecules generated. Install REINVENT4 and run reinvent/run_generation.sh to populate reinvent/out/<mode>/.
2026-09-07 16:01:26,588 | INFO | === REINVENT 4 integration ===
2026-09-07 16:01:26,590 | INFO | REINVENT available: False
2026-09-07 16:01:26,642 | INFO | Inception seed (7 active SMILES) -> /Users/nb/Documents/ligand-based-modeling/project/reinvent/inception.smi
2026-09-07 16:01:26,691 | INFO | Inception seed (7 active SMILES) -> /Users/nb/Documents/ligand-based-modeling/project/reinvent/inception.smi
2026-09-07 16:01:26,693 | INFO | LibInvent scaffolds (7) -> /Users/nb/Documents/ligand-based-modeling/project/reinvent/scaffolds_libinvent.smi
2026-09-07 16:01:26,708 | WARNING | REINVENT binary NOT AVAILABLE. Real per-mode TOML configs written (validated against REINVENT4 main configs/PARAMS.md schema), priors checksum-verified. No molecules generated. Install REINVENT4 and run reinvent/run_generation.sh to populate reinvent/out/<mode>/.
2026-09-07 16:25:08,591 | INFO | === REINVENT 4 integration ===
2026-09-07 16:25:08,592 | INFO | REINVENT available: False
2026-09-07 16:25:08,651 | INFO | Inception seed (7 active SMILES) -> /Users/nb/Documents/ligand-based-modeling/project/reinvent/inception.smi
2026-09-07 16:25:08,700 | INFO | Inception seed (7 active SMILES) -> /Users/nb/Documents/ligand-based-modeling/project/reinvent/inception.smi
2026-09-07 16:25:08,702 | INFO | LibInvent scaffolds (7) -> /Users/nb/Documents/ligand-based-modeling/project/reinvent/scaffolds_libinvent.smi
2026-09-07 16:25:08,717 | WARNING | REINVENT binary NOT AVAILABLE. Real per-mode TOML configs written (validated against REINVENT4 main configs/PARAMS.md schema), priors checksum-verified. No molecules generated. Install REINVENT4 and run reinvent/run_generation.sh to populate reinvent/out/<mode>/.
2026-09-07 16:30:03,665 | INFO | === REINVENT 4 integration ===
2026-09-07 16:30:03,665 | INFO | REINVENT available: False
2026-09-07 16:30:03,724 | INFO | Inception seed (7 active SMILES) -> /Users/nb/Documents/ligand-based-modeling/project/reinvent/inception.smi
2026-09-07 16:30:03,772 | INFO | Inception seed (7 active SMILES) -> /Users/nb/Documents/ligand-based-modeling/project/reinvent/inception.smi
2026-09-07 16:30:03,774 | INFO | LibInvent scaffolds (7) -> /Users/nb/Documents/ligand-based-modeling/project/reinvent/scaffolds_libinvent.smi
2026-09-07 16:30:03,788 | WARNING | REINVENT binary NOT AVAILABLE. Real per-mode TOML configs written (validated against REINVENT4 main configs/PARAMS.md schema), priors checksum-verified. No molecules generated. Install REINVENT4 and run reinvent/run_generation.sh to populate reinvent/out/<mode>/.
2026-09-07 16:50:53,813 | INFO | === REINVENT 4 integration ===
2026-09-07 16:50:53,818 | INFO | REINVENT available: False
2026-09-07 16:50:53,876 | INFO | Inception seed (7 active SMILES) -> /Users/nb/Documents/ligand-based-modeling/project/reinvent/inception.smi
2026-09-07 16:50:53,934 | INFO | Inception seed (7 active SMILES) -> /Users/nb/Documents/ligand-based-modeling/project/reinvent/inception.smi
2026-09-07 16:50:53,937 | INFO | LibInvent scaffolds (7) -> /Users/nb/Documents/ligand-based-modeling/project/reinvent/scaffolds_libinvent.smi
2026-09-07 16:50:53,954 | WARNING | REINVENT binary NOT AVAILABLE. Real per-mode TOML configs written (validated against REINVENT4 main configs/PARAMS.md schema), priors checksum-verified. No molecules generated. Install REINVENT4 and run reinvent/run_generation.sh to populate reinvent/out/<mode>/.
2026-09-07 16:59:03,817 | INFO | === REINVENT 4 integration ===
2026-09-07 16:59:03,818 | INFO | REINVENT available: False
2026-09-07 16:59:03,880 | INFO | Inception seed (7 active SMILES) -> /Users/nb/Documents/ligand-based-modeling/project/reinvent/inception.smi
2026-09-07 16:59:03,933 | INFO | Inception seed (7 active SMILES) -> /Users/nb/Documents/ligand-based-modeling/project/reinvent/inception.smi
2026-09-07 16:59:03,935 | INFO | LibInvent scaffolds (7) -> /Users/nb/Documents/ligand-based-modeling/project/reinvent/scaffolds_libinvent.smi
2026-09-07 16:59:03,951 | WARNING | REINVENT binary NOT AVAILABLE. Real per-mode TOML configs written (validated against REINVENT4 main configs/PARAMS.md schema), priors checksum-verified. No molecules generated. Install REINVENT4 and run reinvent/run_generation.sh to populate reinvent/out/<mode>/.
2026-09-08 22:57:35,120 | INFO | === REINVENT 4 integration ===
2026-09-08 22:57:35,122 | INFO | REINVENT available: False
2026-09-08 22:57:35,185 | INFO | Inception seed (7 active SMILES) -> /Users/nb/Documents/ligand-based-modeling/project/reinvent/inception.smi
2026-09-08 22:57:35,236 | INFO | Inception seed (7 active SMILES) -> /Users/nb/Documents/ligand-based-modeling/project/reinvent/inception.smi
2026-09-08 22:57:35,238 | INFO | LibInvent scaffolds (7) -> /Users/nb/Documents/ligand-based-modeling/project/reinvent/scaffolds_libinvent.smi
2026-09-08 22:57:35,256 | WARNING | REINVENT binary NOT AVAILABLE. Real per-mode TOML configs written (validated against REINVENT4 main configs/PARAMS.md schema), priors checksum-verified. No molecules generated. Install REINVENT4 and run reinvent/run_generation.sh to populate reinvent/out/<mode>/.
2026-09-09 00:22:27,880 | INFO | === REINVENT 4 integration ===
2026-09-09 00:22:27,881 | INFO | REINVENT available: False
2026-09-09 00:22:27,957 | INFO | Inception seed (7 active SMILES) -> /Users/nb/Documents/ligand-based-modeling/project/reinvent/inception.smi
2026-09-09 00:22:28,007 | INFO | Inception seed (7 active SMILES) -> /Users/nb/Documents/ligand-based-modeling/project/reinvent/inception.smi
2026-09-09 00:22:28,009 | INFO | LibInvent scaffolds (7) -> /Users/nb/Documents/ligand-based-modeling/project/reinvent/scaffolds_libinvent.smi
2026-09-09 00:22:28,024 | WARNING | REINVENT binary NOT AVAILABLE. Real per-mode TOML configs written (validated against REINVENT4 main configs/PARAMS.md schema), priors checksum-verified. No molecules generated. Install REINVENT4 and run reinvent/run_generation.sh to populate reinvent/out/<mode>/.
2026-09-09 12:56:26,066 | INFO | === REINVENT 4 integration ===
2026-09-09 12:56:26,072 | INFO | REINVENT available: False
2026-09-09 12:56:26,140 | INFO | Inception seed (7 active SMILES) -> /Users/nb/Documents/ligand-based-modeling/project/reinvent/inception.smi
2026-09-09 12:56:26,189 | INFO | Inception seed (7 active SMILES) -> /Users/nb/Documents/ligand-based-modeling/project/reinvent/inception.smi
2026-09-09 12:56:26,191 | INFO | LibInvent scaffolds (7) -> /Users/nb/Documents/ligand-based-modeling/project/reinvent/scaffolds_libinvent.smi
2026-09-09 12:56:26,205 | WARNING | REINVENT binary NOT AVAILABLE. Real per-mode TOML configs written (validated against REINVENT4 main configs/PARAMS.md schema), priors checksum-verified. No molecules generated. Install REINVENT4 and run reinvent/run_generation.sh to populate reinvent/out/<mode>/.
2026-09-09 13:43:11,368 | INFO | === REINVENT 4 integration ===
2026-09-09 13:43:11,368 | INFO | REINVENT available: False
2026-09-09 13:43:11,435 | INFO | Inception seed (7 active SMILES) -> /Users/nb/Documents/ligand-based-modeling/project/reinvent/inception.smi
2026-09-09 13:43:11,484 | INFO | Inception seed (7 active SMILES) -> /Users/nb/Documents/ligand-based-modeling/project/reinvent/inception.smi
2026-09-09 13:43:11,486 | INFO | LibInvent scaffolds (7) -> /Users/nb/Documents/ligand-based-modeling/project/reinvent/scaffolds_libinvent.smi
2026-09-09 13:43:11,501 | WARNING | REINVENT binary NOT AVAILABLE. Real per-mode TOML configs written (validated against REINVENT4 main configs/PARAMS.md schema), priors checksum-verified. No molecules generated. Install REINVENT4 and run reinvent/run_generation.sh to populate reinvent/out/<mode>/.
2026-09-09 13:45:44,117 | INFO | === REINVENT 4 integration ===
2026-09-09 13:45:44,117 | INFO | REINVENT available: False
2026-09-09 13:45:44,189 | INFO | Inception seed (7 active SMILES) -> /Users/nb/Documents/ligand-based-modeling/project/reinvent/inception.smi
2026-09-09 13:45:44,239 | INFO | Inception seed (7 active SMILES) -> /Users/nb/Documents/ligand-based-modeling/project/reinvent/inception.smi
2026-09-09 13:45:44,241 | INFO | LibInvent scaffolds (7) -> /Users/nb/Documents/ligand-based-modeling/project/reinvent/scaffolds_libinvent.smi
2026-09-09 13:45:44,257 | WARNING | REINVENT binary NOT AVAILABLE. Real per-mode TOML configs written (validated against REINVENT4 main configs/PARAMS.md schema), priors checksum-verified. No molecules generated. Install REINVENT4 and run reinvent/run_generation.sh to populate reinvent/out/<mode>/.
2026-09-09 16:00:03,675 | INFO | === REINVENT 4 integration ===
2026-09-09 16:00:03,681 | INFO | REINVENT available: False
2026-09-09 16:00:03,796 | INFO | Inception seed (7 active SMILES) -> /Users/nb/Documents/ligand-based-modeling/project/reinvent/inception.smi
2026-09-09 16:00:03,898 | INFO | Inception seed (7 active SMILES) -> /Users/nb/Documents/ligand-based-modeling/project/reinvent/inception.smi
2026-09-09 16:00:03,902 | INFO | LibInvent scaffolds (7) -> /Users/nb/Documents/ligand-based-modeling/project/reinvent/scaffolds_libinvent.smi
2026-09-09 16:00:03,933 | WARNING | REINVENT binary NOT AVAILABLE. Real per-mode TOML configs written (validated against REINVENT4 main configs/PARAMS.md schema), priors checksum-verified. No molecules generated. Install REINVENT4 and run reinvent/run_generation.sh to populate reinvent/out/<mode>/.
2026-09-10 13:41:38,974 | INFO | === REINVENT 4 integration ===
2026-09-10 13:41:38,981 | INFO | REINVENT available: False
2026-09-10 13:41:39,046 | INFO | Inception seed (7 active SMILES) -> /Users/nb/Documents/ligand-based-modeling/project/reinvent/inception.smi
2026-09-10 13:41:39,094 | INFO | Inception seed (7 active SMILES) -> /Users/nb/Documents/ligand-based-modeling/project/reinvent/inception.smi
2026-09-10 13:41:39,096 | INFO | LibInvent scaffolds (7) -> /Users/nb/Documents/ligand-based-modeling/project/reinvent/scaffolds_libinvent.smi
2026-09-10 13:41:39,110 | WARNING | REINVENT binary NOT AVAILABLE. Real per-mode TOML configs written (validated against REINVENT4 main configs/PARAMS.md schema), priors checksum-verified. No molecules generated. Install REINVENT4 and run reinvent/run_generation.sh to populate reinvent/out/<mode>/.
2026-09-10 14:12:54,807 | INFO | === REINVENT 4 integration ===
2026-09-10 14:12:54,808 | INFO | REINVENT available: False
2026-09-10 14:12:54,874 | INFO | Inception seed (7 active SMILES) -> /Users/nb/Documents/ligand-based-modeling/project/reinvent/inception.smi
2026-09-10 14:12:54,923 | INFO | Inception seed (7 active SMILES) -> /Users/nb/Documents/ligand-based-modeling/project/reinvent/inception.smi
2026-09-10 14:12:54,925 | INFO | LibInvent scaffolds (7) -> /Users/nb/Documents/ligand-based-modeling/project/reinvent/scaffolds_libinvent.smi
2026-09-10 14:12:54,938 | WARNING | REINVENT binary NOT AVAILABLE. Real per-mode TOML configs written (validated against REINVENT4 main configs/PARAMS.md schema), priors checksum-verified. No molecules generated. Install REINVENT4 and run reinvent/run_generation.sh to populate reinvent/out/<mode>/.
2026-09-10 14:19:58,052 | INFO | === REINVENT 4 integration ===
2026-09-10 14:19:58,052 | INFO | REINVENT available: False
2026-09-10 14:19:58,109 | INFO | Inception seed (7 active SMILES) -> /Users/nb/Documents/ligand-based-modeling/project/reinvent/inception.smi
2026-09-10 14:19:58,159 | INFO | Inception seed (7 active SMILES) -> /Users/nb/Documents/ligand-based-modeling/project/reinvent/inception.smi
2026-09-10 14:19:58,161 | INFO | LibInvent scaffolds (7) -> /Users/nb/Documents/ligand-based-modeling/project/reinvent/scaffolds_libinvent.smi
2026-09-10 14:19:58,178 | WARNING | REINVENT binary NOT AVAILABLE. Real per-mode TOML configs written (validated against REINVENT4 main configs/PARAMS.md schema), priors checksum-verified. No molecules generated. Install REINVENT4 and run reinvent/run_generation.sh to populate reinvent/out/<mode>/.
2026-09-10 17:45:23,299 | INFO | === REINVENT 4 integration ===
2026-09-10 17:45:37,090 | INFO | REINVENT binary: detected
2026-09-10 17:45:37,534 | INFO | Inception seed (7 active SMILES) -> /cluster/home/nbhatt04/Low-data-alpah9alpah10-r01-ligand-based/project/reinvent/inception.smi
2026-09-10 17:45:37,822 | INFO | Inception seed (7 active SMILES) -> /cluster/home/nbhatt04/Low-data-alpah9alpah10-r01-ligand-based/project/reinvent/inception.smi
2026-09-10 17:45:37,833 | INFO | LibInvent scaffolds (7) -> /cluster/home/nbhatt04/Low-data-alpah9alpah10-r01-ligand-based/project/reinvent/scaffolds_libinvent.smi
2026-09-10 17:45:37,888 | INFO | REINVENT binary: /cluster/home/nbhatt04/Low-data-alpah9alpah10-r01-ligand-based/project/venvs/reinvent312/bin/reinvent (style=v3_subcommand, device=cuda)
2026-09-10 17:45:44,831 | INFO | mode de_novo: FAILED (returncode=2)
2026-09-10 17:45:51,495 | INFO | mode local_analog: FAILED (returncode=2)
2026-09-10 17:45:57,995 | INFO | mode scaffold_hopping: FAILED (returncode=2)
2026-09-10 17:46:04,290 | INFO | mode taf_disrupting: FAILED (returncode=2)
2026-09-10 17:46:10,385 | INFO | mode information_gain: FAILED (returncode=2)
2026-09-10 17:46:16,751 | INFO | mode local_analog_libinvent: FAILED (returncode=2)
2026-09-10 17:46:16,759 | INFO | collected 0 unique canonical molecules (RUN_FAILED)
2026-09-10 17:46:40,731 | INFO | === REINVENT 4 integration ===
2026-09-10 17:46:48,068 | INFO | REINVENT binary: detected
2026-09-10 17:46:48,352 | INFO | Inception seed (7 active SMILES) -> /cluster/home/nbhatt04/Low-data-alpah9alpah10-r01-ligand-based/project/reinvent/inception.smi
2026-09-10 17:46:48,630 | INFO | Inception seed (7 active SMILES) -> /cluster/home/nbhatt04/Low-data-alpah9alpah10-r01-ligand-based/project/reinvent/inception.smi
2026-09-10 17:46:48,638 | INFO | LibInvent scaffolds (7) -> /cluster/home/nbhatt04/Low-data-alpah9alpah10-r01-ligand-based/project/reinvent/scaffolds_libinvent.smi
2026-09-10 17:46:48,672 | INFO | REINVENT binary: /cluster/home/nbhatt04/Low-data-alpah9alpah10-r01-ligand-based/project/venvs/reinvent312/bin/reinvent (style=direct, device=cuda)
2026-09-10 17:46:56,246 | INFO | mode de_novo: FAILED (returncode=1)
2026-09-10 17:47:03,523 | INFO | mode local_analog: FAILED (returncode=1)
2026-09-10 17:47:10,571 | INFO | mode scaffold_hopping: FAILED (returncode=1)
2026-09-10 17:47:17,619 | INFO | mode taf_disrupting: FAILED (returncode=1)
2026-09-10 17:47:25,346 | INFO | mode information_gain: FAILED (returncode=1)
2026-09-10 17:47:32,791 | INFO | mode local_analog_libinvent: FAILED (returncode=1)
2026-09-10 17:47:32,802 | INFO | collected 0 unique canonical molecules (RUN_FAILED)
2026-09-10 17:48:11,192 | INFO | === REINVENT 4 integration ===
2026-09-10 17:48:19,215 | INFO | REINVENT binary: detected
2026-09-10 17:48:19,500 | INFO | Inception seed (7 active SMILES) -> /cluster/home/nbhatt04/Low-data-alpah9alpah10-r01-ligand-based/project/reinvent/inception.smi
2026-09-10 17:48:19,780 | INFO | Inception seed (7 active SMILES) -> /cluster/home/nbhatt04/Low-data-alpah9alpah10-r01-ligand-based/project/reinvent/inception.smi
2026-09-10 17:48:19,788 | INFO | LibInvent scaffolds (7) -> /cluster/home/nbhatt04/Low-data-alpah9alpah10-r01-ligand-based/project/reinvent/scaffolds_libinvent.smi
2026-09-10 17:48:19,825 | INFO | REINVENT binary: /cluster/home/nbhatt04/Low-data-alpah9alpah10-r01-ligand-based/project/venvs/reinvent312/bin/reinvent (style=direct, device=cuda)
2026-09-10 17:48:28,870 | INFO | mode de_novo: FAILED (returncode=1)
2026-09-10 17:48:37,189 | INFO | mode local_analog: FAILED (returncode=1)
2026-09-10 17:48:44,423 | INFO | mode scaffold_hopping: FAILED (returncode=1)
2026-09-10 17:48:51,427 | INFO | mode taf_disrupting: FAILED (returncode=1)
2026-09-10 17:48:58,451 | INFO | mode information_gain: FAILED (returncode=1)
2026-09-10 17:49:05,769 | INFO | mode local_analog_libinvent: FAILED (returncode=1)
2026-09-10 17:49:05,773 | INFO | collected 0 unique canonical molecules (RUN_FAILED)
2026-09-10 17:50:11,899 | INFO | === REINVENT 4 integration ===
2026-09-10 17:50:19,326 | INFO | REINVENT binary: detected
2026-09-10 17:50:19,613 | INFO | Inception seed (7 active SMILES) -> /cluster/home/nbhatt04/Low-data-alpah9alpah10-r01-ligand-based/project/reinvent/inception.smi
2026-09-10 17:50:19,891 | INFO | Inception seed (7 active SMILES) -> /cluster/home/nbhatt04/Low-data-alpah9alpah10-r01-ligand-based/project/reinvent/inception.smi
2026-09-10 17:50:19,900 | INFO | LibInvent scaffolds (7) -> /cluster/home/nbhatt04/Low-data-alpah9alpah10-r01-ligand-based/project/reinvent/scaffolds_libinvent.smi
2026-09-10 17:50:19,970 | INFO | REINVENT binary: /cluster/home/nbhatt04/Low-data-alpah9alpah10-r01-ligand-based/project/venvs/reinvent312/bin/reinvent (style=direct, device=cuda)
2026-09-10 17:50:59,964 | INFO | mode de_novo: OK (returncode=0)
2026-09-10 17:51:44,966 | INFO | mode local_analog: OK (returncode=0)
2026-09-10 17:52:27,589 | INFO | mode scaffold_hopping: OK (returncode=0)
2026-09-10 17:53:07,191 | INFO | mode taf_disrupting: OK (returncode=0)
2026-09-10 17:53:49,129 | INFO | mode information_gain: OK (returncode=0)
2026-09-10 17:55:21,595 | INFO | mode local_analog_libinvent: OK (returncode=0)
2026-09-10 17:55:21,934 | INFO | collected 945 unique canonical molecules (RUN_COMPLETED)
2026-09-10 18:00:52,346 | INFO | === REINVENT 4 integration ===
2026-09-10 18:01:12,392 | INFO | REINVENT binary: detected
2026-09-10 18:01:12,506 | INFO | Inception seed (7 active SMILES) -> /cluster/home/nbhatt04/Low-data-alpah9alpah10-r01-ligand-based/project/reinvent/inception.smi
2026-09-10 18:01:12,599 | INFO | Inception seed (7 active SMILES) -> /cluster/home/nbhatt04/Low-data-alpah9alpah10-r01-ligand-based/project/reinvent/inception.smi
2026-09-10 18:01:12,607 | INFO | LibInvent scaffolds (7) -> /cluster/home/nbhatt04/Low-data-alpah9alpah10-r01-ligand-based/project/reinvent/scaffolds_libinvent.smi
2026-09-10 18:01:12,646 | INFO | REINVENT binary: /cluster/home/nbhatt04/Low-data-alpah9alpah10-r01-ligand-based/project/venvs/reinvent312/bin/reinvent (style=v3_subcommand, device=cuda)
2026-09-10 18:01:19,444 | INFO | mode de_novo: FAILED (returncode=2)
2026-09-10 18:01:24,400 | INFO | mode local_analog: FAILED (returncode=2)
2026-09-10 18:01:28,768 | INFO | mode scaffold_hopping: FAILED (returncode=2)
2026-09-10 18:01:33,278 | INFO | mode taf_disrupting: FAILED (returncode=2)
2026-09-10 18:01:38,279 | INFO | mode information_gain: FAILED (returncode=2)
2026-09-10 18:01:42,636 | INFO | mode local_analog_libinvent: FAILED (returncode=2)
2026-09-10 18:01:42,871 | INFO | collected 945 unique canonical molecules (RUN_FAILED)
2026-09-10 18:05:51,765 | INFO | === REINVENT 4 integration ===
2026-09-10 18:05:57,753 | INFO | REINVENT binary: detected
2026-09-10 18:05:57,849 | INFO | Inception seed (7 active SMILES) -> /cluster/home/nbhatt04/Low-data-alpah9alpah10-r01-ligand-based/project/reinvent/inception.smi
2026-09-10 18:05:57,941 | INFO | Inception seed (7 active SMILES) -> /cluster/home/nbhatt04/Low-data-alpah9alpah10-r01-ligand-based/project/reinvent/inception.smi
2026-09-10 18:05:57,947 | INFO | LibInvent scaffolds (7) -> /cluster/home/nbhatt04/Low-data-alpah9alpah10-r01-ligand-based/project/reinvent/scaffolds_libinvent.smi
2026-09-10 18:05:57,977 | INFO | REINVENT binary: /cluster/home/nbhatt04/Low-data-alpah9alpah10-r01-ligand-based/project/venvs/reinvent312/bin/reinvent (style=direct, device=cuda)
2026-09-10 18:14:01,777 | INFO | mode de_novo: OK (returncode=0)
2026-09-10 18:22:05,731 | INFO | mode local_analog: OK (returncode=0)
2026-09-10 18:30:11,438 | INFO | mode scaffold_hopping: OK (returncode=0)
2026-09-10 18:38:08,790 | INFO | mode taf_disrupting: OK (returncode=0)
2026-09-10 18:46:08,297 | INFO | mode information_gain: OK (returncode=0)
2026-09-10 19:15:26,771 | INFO | mode local_analog_libinvent: OK (returncode=0)
2026-09-10 19:15:33,475 | INFO | collected 31397 unique canonical molecules (RUN_COMPLETED)
2026-09-14 19:34:06,547 | INFO | === REINVENT 4 integration ===
2026-09-14 19:34:06,549 | INFO | REINVENT binary: NOT FOUND
2026-09-14 19:34:06,550 | WARNING | Prior reinvent NOT verified (exists=True, expected=fe8cd1678452ad292a8f93e97cb19a85959b729e17113e157180d5e69ae89ef3, actual=eb7c5e91e5a39bb06df395c27b530c7f1bec6eb6b898156a826e41a7e29a2bb6)
2026-09-14 19:34:06,551 | WARNING | Prior libinvent NOT verified (exists=True, expected=03e6cbe8a53e59a4ac3aa6728d041f1957bdd07b5eefdf2cfc5c8591036075af, actual=3c86da94ed67049f8d661f3d60199ae800bff02d5c8323c7ae50d31c79a95deb)
2026-09-14 19:34:06,558 | INFO | Inception seed (7 active SMILES) -> /cluster/home/nbhatt04/Low-data-alpah9alpah10-r01-ligand-based/project/reinvent/inception.smi
2026-09-14 19:34:06,559 | WARNING | Prior reinvent NOT verified (exists=True, expected=fe8cd1678452ad292a8f93e97cb19a85959b729e17113e157180d5e69ae89ef3, actual=eb7c5e91e5a39bb06df395c27b530c7f1bec6eb6b898156a826e41a7e29a2bb6)
2026-09-14 19:34:06,559 | WARNING | Prior libinvent NOT verified (exists=True, expected=03e6cbe8a53e59a4ac3aa6728d041f1957bdd07b5eefdf2cfc5c8591036075af, actual=3c86da94ed67049f8d661f3d60199ae800bff02d5c8323c7ae50d31c79a95deb)
2026-09-14 19:34:06,564 | INFO | Inception seed (7 active SMILES) -> /cluster/home/nbhatt04/Low-data-alpah9alpah10-r01-ligand-based/project/reinvent/inception.smi
2026-09-14 19:34:06,574 | INFO | LibInvent scaffolds (7) -> /cluster/home/nbhatt04/Low-data-alpah9alpah10-r01-ligand-based/project/reinvent/scaffolds_libinvent.smi
2026-09-14 19:34:09,318 | INFO | no REINVENT binary: reused committed generation artifacts (31397 molecules, historical GPU run)
2026-09-14 19:34:09,331 | WARNING | REINVENT binary NOT AVAILABLE. Real per-mode TOML configs written (validated against REINVENT4 main configs/PARAMS.md schema), priors checksum-verified. No molecules generated. Install REINVENT4 (see GPU_RUNBOOK.md) and rerun this phase to populate reinvent/generated_molecules.csv.
2026-09-14 19:46:28,167 | INFO | === REINVENT 4 integration ===
2026-09-14 19:46:28,167 | INFO | REINVENT binary: NOT FOUND
2026-09-14 19:46:28,285 | INFO | Inception seed (7 active SMILES) -> /cluster/home/nbhatt04/Low-data-alpah9alpah10-r01-ligand-based/project/reinvent/inception.smi
2026-09-14 19:46:28,402 | INFO | Inception seed (7 active SMILES) -> /cluster/home/nbhatt04/Low-data-alpah9alpah10-r01-ligand-based/project/reinvent/inception.smi
2026-09-14 19:46:28,412 | INFO | LibInvent scaffolds (7) -> /cluster/home/nbhatt04/Low-data-alpah9alpah10-r01-ligand-based/project/reinvent/scaffolds_libinvent.smi
2026-09-14 19:46:31,838 | INFO | no REINVENT binary: reused committed generation artifacts (31397 molecules, historical GPU run)
2026-09-14 19:46:31,850 | WARNING | REINVENT binary NOT AVAILABLE on this host. Per-mode TOML configs re-validated, priors checksum-verified. Reused the committed generation artifacts from the historical GPU run recorded in reinvent_manifest.json (RUN_COMPLETED_ARTIFACT_REUSED) — no molecule was (re)generated or fabricated on this host.
2026-09-14 20:46:07,066 | INFO | === REINVENT 4 integration ===
2026-09-14 20:46:13,574 | INFO | REINVENT binary: detected
2026-09-14 20:46:13,841 | INFO | Inception seed (7 active SMILES) -> /cluster/home/nbhatt04/Low-data-alpah9alpah10-r01-ligand-based/project/reinvent/inception.smi
2026-09-14 20:46:13,933 | INFO | Inception seed (7 active SMILES) -> /cluster/home/nbhatt04/Low-data-alpah9alpah10-r01-ligand-based/project/reinvent/inception.smi
2026-09-14 20:46:13,946 | INFO | LibInvent scaffolds (7) -> /cluster/home/nbhatt04/Low-data-alpah9alpah10-r01-ligand-based/project/reinvent/scaffolds_libinvent.smi
2026-09-14 20:46:20,458 | INFO | REINVENT binary: /cluster/home/nbhatt04/Low-data-alpah9alpah10-r01-ligand-based/project/venvs/reinvent312/bin/reinvent (style=direct, device=cuda)
2026-09-14 20:52:43,713 | INFO | mode de_novo: OK (returncode=0)
2026-09-14 20:59:08,038 | INFO | mode local_analog: OK (returncode=0)
2026-09-14 21:05:30,963 | INFO | mode scaffold_hopping: OK (returncode=0)
2026-09-14 21:12:05,439 | INFO | mode taf_disrupting: OK (returncode=0)
2026-09-14 21:18:40,894 | INFO | mode information_gain: OK (returncode=0)
2026-09-14 21:45:16,685 | INFO | mode local_analog_libinvent: OK (returncode=0)
2026-09-14 21:45:23,012 | INFO | collected 31474 unique canonical molecules (RUN_COMPLETED)
